Archive member included to satisfy reference by file (symbol)

/Users/seojisu/Library/Arm-GCC-xPack/bin/../lib/gcc/arm-none-eabi/10.3.1/../../../../arm-none-eabi/lib/thumb/v6-m/nofp/libc_nano.a(lib_a-exit.o)
                              /Users/seojisu/Library/Arm-GCC-xPack/bin/../lib/gcc/arm-none-eabi/10.3.1/../../../../arm-none-eabi/lib/thumb/v6-m/nofp/crt0.o (exit)
/Users/seojisu/Library/Arm-GCC-xPack/bin/../lib/gcc/arm-none-eabi/10.3.1/../../../../arm-none-eabi/lib/thumb/v6-m/nofp/libc_nano.a(lib_a-impure.o)
                              /Users/seojisu/Library/Arm-GCC-xPack/bin/../lib/gcc/arm-none-eabi/10.3.1/../../../../arm-none-eabi/lib/thumb/v6-m/nofp/libc_nano.a(lib_a-exit.o) (_global_impure_ptr)
/Users/seojisu/Library/Arm-GCC-xPack/bin/../lib/gcc/arm-none-eabi/10.3.1/../../../../arm-none-eabi/lib/thumb/v6-m/nofp/libc_nano.a(lib_a-init.o)
                              /Users/seojisu/Library/Arm-GCC-xPack/bin/../lib/gcc/arm-none-eabi/10.3.1/../../../../arm-none-eabi/lib/thumb/v6-m/nofp/crt0.o (__libc_init_array)
/Users/seojisu/Library/Arm-GCC-xPack/bin/../lib/gcc/arm-none-eabi/10.3.1/../../../../arm-none-eabi/lib/thumb/v6-m/nofp/libc_nano.a(lib_a-memset.o)
                              /Users/seojisu/Library/Arm-GCC-xPack/bin/../lib/gcc/arm-none-eabi/10.3.1/../../../../arm-none-eabi/lib/thumb/v6-m/nofp/crt0.o (memset)
/Users/seojisu/Library/Arm-GCC-xPack/bin/../lib/gcc/arm-none-eabi/10.3.1/../../../../arm-none-eabi/lib/thumb/v6-m/nofp/libnosys.a(_exit.o)
                              /Users/seojisu/Library/Arm-GCC-xPack/bin/../lib/gcc/arm-none-eabi/10.3.1/../../../../arm-none-eabi/lib/thumb/v6-m/nofp/libc_nano.a(lib_a-exit.o) (_exit)
/Users/seojisu/Library/Arm-GCC-xPack/bin/../lib/gcc/arm-none-eabi/10.3.1/thumb/v6-m/nofp/libgcc.a(_udivsi3.o)
                              build/stm32f0xx_hal_adc.o (__aeabi_uidiv)
/Users/seojisu/Library/Arm-GCC-xPack/bin/../lib/gcc/arm-none-eabi/10.3.1/thumb/v6-m/nofp/libgcc.a(_dvmd_tls.o)
                              /Users/seojisu/Library/Arm-GCC-xPack/bin/../lib/gcc/arm-none-eabi/10.3.1/thumb/v6-m/nofp/libgcc.a(_udivsi3.o) (__aeabi_idiv0)

Discarded input sections

 .text          0x0000000000000000        0x0 /Users/seojisu/Library/Arm-GCC-xPack/bin/../lib/gcc/arm-none-eabi/10.3.1/thumb/v6-m/nofp/crti.o
 .data          0x0000000000000000        0x0 /Users/seojisu/Library/Arm-GCC-xPack/bin/../lib/gcc/arm-none-eabi/10.3.1/thumb/v6-m/nofp/crti.o
 .bss           0x0000000000000000        0x0 /Users/seojisu/Library/Arm-GCC-xPack/bin/../lib/gcc/arm-none-eabi/10.3.1/thumb/v6-m/nofp/crti.o
 .text          0x0000000000000000        0x0 /Users/seojisu/Library/Arm-GCC-xPack/bin/../lib/gcc/arm-none-eabi/10.3.1/thumb/v6-m/nofp/crtbegin.o
 .data          0x0000000000000000        0x0 /Users/seojisu/Library/Arm-GCC-xPack/bin/../lib/gcc/arm-none-eabi/10.3.1/thumb/v6-m/nofp/crtbegin.o
 .bss           0x0000000000000000        0x0 /Users/seojisu/Library/Arm-GCC-xPack/bin/../lib/gcc/arm-none-eabi/10.3.1/thumb/v6-m/nofp/crtbegin.o
 .rodata.all_implied_fbits
                0x0000000000000000       0x24 /Users/seojisu/Library/Arm-GCC-xPack/bin/../lib/gcc/arm-none-eabi/10.3.1/thumb/v6-m/nofp/crtbegin.o
 .data.__dso_handle
                0x0000000000000000        0x4 /Users/seojisu/Library/Arm-GCC-xPack/bin/../lib/gcc/arm-none-eabi/10.3.1/thumb/v6-m/nofp/crtbegin.o
 .text          0x0000000000000000       0x80 /Users/seojisu/Library/Arm-GCC-xPack/bin/../lib/gcc/arm-none-eabi/10.3.1/../../../../arm-none-eabi/lib/thumb/v6-m/nofp/crt0.o
 .data          0x0000000000000000        0x0 /Users/seojisu/Library/Arm-GCC-xPack/bin/../lib/gcc/arm-none-eabi/10.3.1/../../../../arm-none-eabi/lib/thumb/v6-m/nofp/crt0.o
 .bss           0x0000000000000000        0x0 /Users/seojisu/Library/Arm-GCC-xPack/bin/../lib/gcc/arm-none-eabi/10.3.1/../../../../arm-none-eabi/lib/thumb/v6-m/nofp/crt0.o
 .ARM.extab     0x0000000000000000        0x0 /Users/seojisu/Library/Arm-GCC-xPack/bin/../lib/gcc/arm-none-eabi/10.3.1/../../../../arm-none-eabi/lib/thumb/v6-m/nofp/crt0.o
 .ARM.exidx     0x0000000000000000       0x10 /Users/seojisu/Library/Arm-GCC-xPack/bin/../lib/gcc/arm-none-eabi/10.3.1/../../../../arm-none-eabi/lib/thumb/v6-m/nofp/crt0.o
 .ARM.attributes
                0x0000000000000000       0x1b /Users/seojisu/Library/Arm-GCC-xPack/bin/../lib/gcc/arm-none-eabi/10.3.1/../../../../arm-none-eabi/lib/thumb/v6-m/nofp/crt0.o
 .text          0x0000000000000000        0x0 build/main.o
 .data          0x0000000000000000        0x0 build/main.o
 .bss           0x0000000000000000        0x0 build/main.o
 .text          0x0000000000000000        0x0 build/stm32f0xx_it.o
 .data          0x0000000000000000        0x0 build/stm32f0xx_it.o
 .bss           0x0000000000000000        0x0 build/stm32f0xx_it.o
 .debug_info    0x0000000000000000       0x6b build/stm32f0xx_it.o
 .debug_abbrev  0x0000000000000000       0x26 build/stm32f0xx_it.o
 .debug_aranges
                0x0000000000000000       0x18 build/stm32f0xx_it.o
[...]
Memory Configuration

Name             Origin             Length             Attributes
RAM              0x0000000020000000 0x0000000000002000 xrw
FLASH            0x0000000008000000 0x0000000000010000 xr
*default*        0x0000000000000000 0xffffffffffffffff

Linker script and memory map

LOAD /Users/seojisu/Library/Arm-GCC-xPack/bin/../lib/gcc/arm-none-eabi/10.3.1/thumb/v6-m/nofp/crti.o
LOAD /Users/seojisu/Library/Arm-GCC-xPack/bin/../lib/gcc/arm-none-eabi/10.3.1/thumb/v6-m/nofp/crtbegin.o
LOAD /Users/seojisu/Library/Arm-GCC-xPack/bin/../lib/gcc/arm-none-eabi/10.3.1/../../../../arm-none-eabi/lib/thumb/v6-m/nofp/crt0.o
LOAD build/main.o
LOAD build/stm32f0xx_it.o
LOAD build/stm32f0xx_hal_msp.o
LOAD build/os.o
LOAD build/stm32f0xx_hal_adc.o
LOAD build/stm32f0xx_hal_adc_ex.o
LOAD build/stm32f0xx_hal_rcc.o
LOAD build/stm32f0xx_hal_rcc_ex.o
LOAD build/stm32f0xx_hal.o
LOAD build/stm32f0xx_hal_i2c.o
LOAD build/stm32f0xx_hal_i2c_ex.o
LOAD build/stm32f0xx_hal_gpio.o
LOAD build/stm32f0xx_hal_dma.o
LOAD build/stm32f0xx_hal_cortex.o
LOAD build/stm32f0xx_hal_pwr.o
LOAD build/stm32f0xx_hal_pwr_ex.o
LOAD build/stm32f0xx_hal_flash.o
LOAD build/stm32f0xx_hal_flash_ex.o
LOAD build/stm32f0xx_hal_exti.o
LOAD build/stm32f0xx_hal_spi.o
LOAD build/stm32f0xx_hal_spi_ex.o
LOAD build/stm32f0xx_hal_tim.o
LOAD build/stm32f0xx_hal_tim_ex.o
LOAD build/stm32f0xx_hal_uart.o
LOAD build/stm32f0xx_hal_uart_ex.o
LOAD build/system_stm32f0xx.o
LOAD build/startup_stm32f030x8.o
LOAD /Users/seojisu/Library/Arm-GCC-xPack/bin/../lib/gcc/arm-none-eabi/10.3.1/../../../../arm-none-eabi/lib/thumb/v6-m/nofp/libc_nano.a
LOAD /Users/seojisu/Library/Arm-GCC-xPack/bin/../lib/gcc/arm-none-eabi/10.3.1/../../../../arm-none-eabi/lib/thumb/v6-m/nofp/libm.a
LOAD /Users/seojisu/Library/Arm-GCC-xPack/bin/../lib/gcc/arm-none-eabi/10.3.1/../../../../arm-none-eabi/lib/thumb/v6-m/nofp/libnosys.a
START GROUP
LOAD /Users/seojisu/Library/Arm-GCC-xPack/bin/../lib/gcc/arm-none-eabi/10.3.1/thumb/v6-m/nofp/libgcc.a
LOAD /Users/seojisu/Library/Arm-GCC-xPack/bin/../lib/gcc/arm-none-eabi/10.3.1/../../../../arm-none-eabi/lib/thumb/v6-m/nofp/libc_nano.a
END GROUP
START GROUP
LOAD /Users/seojisu/Library/Arm-GCC-xPack/bin/../lib/gcc/arm-none-eabi/10.3.1/thumb/v6-m/nofp/libgcc.a
LOAD /Users/seojisu/Library/Arm-GCC-xPack/bin/../lib/gcc/arm-none-eabi/10.3.1/../../../../arm-none-eabi/lib/thumb/v6-m/nofp/libc_nano.a
END GROUP
LOAD /Users/seojisu/Library/Arm-GCC-xPack/bin/../lib/gcc/arm-none-eabi/10.3.1/thumb/v6-m/nofp/crtend.o
LOAD /Users/seojisu/Library/Arm-GCC-xPack/bin/../lib/gcc/arm-none-eabi/10.3.1/thumb/v6-m/nofp/crtn.o
                0x0000000020002000                _estack = (ORIGIN (RAM) + LENGTH (RAM))
                0x0000000000000200                _Min_Heap_Size = 0x200
                0x0000000000000400                _Min_Stack_Size = 0x400

.isr_vector     0x0000000008000000       0xc0
                0x0000000008000000                . = ALIGN (0x4)
 *(.isr_vector)
 .isr_vector    0x0000000008000000       0xc0 build/startup_stm32f030x8.o
                0x0000000008000000                VectorTable
                0x00000000080000c0                . = ALIGN (0x4)

.text           0x00000000080000c0     0x2cec
                0x00000000080000c0                . = ALIGN (0x4)
 *(.text)
 .text          0x00000000080000c0      0x114 /Users/seojisu/Library/Arm-GCC-xPack/bin/../lib/gcc/arm-none-eabi/10.3.1/thumb/v6-m/nofp/libgcc.a(_udivsi3.o)
                0x00000000080000c0                __udivsi3
                0x00000000080000c0                __aeabi_uidiv
                0x00000000080001cc                __aeabi_uidivmod
 .text          0x00000000080001d4        0x4 /Users/seojisu/Library/Arm-GCC-xPack/bin/../lib/gcc/arm-none-eabi/10.3.1/thumb/v6-m/nofp/libgcc.a(_dvmd_tls.o)
                0x00000000080001d4                __aeabi_ldiv0
                0x00000000080001d4                __aeabi_idiv0
 *(.text*)
 .text.__do_global_dtors_aux
                0x00000000080001d8       0x28 /Users/seojisu/Library/Arm-GCC-xPack/bin/../lib/gcc/arm-none-eabi/10.3.1/thumb/v6-m/nofp/crtbegin.o
 .text.frame_dummy
                0x0000000008000200       0x20 /Users/seojisu/Library/Arm-GCC-xPack/bin/../lib/gcc/arm-none-eabi/10.3.1/thumb/v6-m/nofp/crtbegin.o
 .text.MX_GPIO_Init
                0x0000000008000220      0x160 build/main.o
 .text.Error_Handler
                0x0000000008000380        0x4 build/main.o
                0x0000000008000380                Error_Handler
 .text.MX_ADC_Init
                0x0000000008000384       0xb0 build/main.o
 .text.MX_I2C1_Init
                0x0000000008000434       0x58 build/main.o
 .text.MX_I2C2_Init
                0x000000000800048c       0x58 build/main.o
 .text.MX_SPI1_Init
                0x00000000080004e4       0x4c build/main.o
 .text.MX_TIM1_Init
                0x0000000008000530      0x11c build/main.o
 .text.MX_TIM3_Init
                0x000000000800064c       0xb0 build/main.o
 .text.MX_TIM14_Init
                0x00000000080006fc       0x70 build/main.o
 .text.MX_TIM16_Init
                0x000000000800076c       0xa8 build/main.o
 .text.MX_USART2_UART_Init
                0x0000000008000814       0x38 build/main.o
 .text.MX_TIM15_Init
                0x000000000800084c       0x78 build/main.o
 .text.MX_TIM17_Init
                0x00000000080008c4       0x30 build/main.o
 .text.SystemClock_Config
                0x00000000080008f4       0x82 build/main.o
                0x00000000080008f4                SystemClock_Config
 *fill*         0x0000000008000976        0x2 
 .text.main     0x0000000008000978       0x54 build/main.o
                0x0000000008000978                main
 .text.HAL_MspInit
                0x00000000080009cc       0x30 build/stm32f0xx_hal_msp.o
                0x00000000080009cc                HAL_MspInit
 .text.HAL_ADC_MspInit
                0x00000000080009fc       0x84 build/stm32f0xx_hal_msp.o
                0x00000000080009fc                HAL_ADC_MspInit
 .text.HAL_I2C_MspInit
                0x0000000008000a80       0xb4 build/stm32f0xx_hal_msp.o
                0x0000000008000a80                HAL_I2C_MspInit
 .text.HAL_SPI_MspInit
                0x0000000008000b34       0x64 build/stm32f0xx_hal_msp.o
                0x0000000008000b34                HAL_SPI_MspInit
 .text.HAL_TIM_Base_MspInit
                0x0000000008000b98      0x120 build/stm32f0xx_hal_msp.o
                0x0000000008000b98                HAL_TIM_Base_MspInit
 .text.HAL_TIM_MspPostInit
                0x0000000008000cb8       0xf4 build/stm32f0xx_hal_msp.o
                0x0000000008000cb8                HAL_TIM_MspPostInit
 .text.HAL_UART_MspInit
                0x0000000008000dac       0x64 build/stm32f0xx_hal_msp.o
                0x0000000008000dac                HAL_UART_MspInit
 .text.Os_1ms_Task
                0x0000000008000e10        0x2 build/os.o
 .text.Os_10ms_Task
                0x0000000008000e12        0x2 build/os.o
 .text.Os_100ms_Task
                0x0000000008000e14        0x2 build/os.o
 *fill*         0x0000000008000e16        0x2 
 .text.Os_Time_Handler
                0x0000000008000e18       0x10 build/os.o
                0x0000000008000e18                Os_Time_Handler
 .text.Os_Get_Tick_100us
                0x0000000008000e28        0xc build/os.o
                0x0000000008000e28                Os_Get_Tick_100us
 .text.Os_Calc_Runtime_Start
                0x0000000008000e34       0x2c build/os.o
 .text.Os_Calc_Runtime_Stop
                0x0000000008000e60       0x54 build/os.o
 .text.Os_Calc_Period
                0x0000000008000eb4       0x54 build/os.o
 .text.Os_Handler
                0x0000000008000f08       0x48 build/os.o
                0x0000000008000f08                Os_Handler
 .text.Os_Handler_1ms
                0x0000000008000f50       0x50 build/os.o
                0x0000000008000f50                Os_Handler_1ms
 .text.Os_Handler_10ms
                0x0000000008000fa0       0x34 build/os.o
                0x0000000008000fa0                Os_Handler_10ms
 .text.HAL_TIM_PeriodElapsedCallback
                0x0000000008000fd4       0x2c build/os.o
                0x0000000008000fd4                HAL_TIM_PeriodElapsedCallback
 .text.HAL_ADC_Init
                0x0000000008001000      0x184 build/stm32f0xx_hal_adc.o
                0x0000000008001000                HAL_ADC_Init
 .text.HAL_ADC_ConfigChannel
                0x0000000008001184      0x134 build/stm32f0xx_hal_adc.o
                0x0000000008001184                HAL_ADC_ConfigChannel
 .text.HAL_RCC_OscConfig
                0x00000000080012b8      0x49c build/stm32f0xx_hal_rcc.o
                0x00000000080012b8                HAL_RCC_OscConfig
 .text.HAL_RCC_GetSysClockFreq
                0x0000000008001754       0x70 build/stm32f0xx_hal_rcc.o
                0x0000000008001754                HAL_RCC_GetSysClockFreq
 .text.HAL_RCC_ClockConfig
                0x00000000080017c4      0x134 build/stm32f0xx_hal_rcc.o
                0x00000000080017c4                HAL_RCC_ClockConfig
 .text.HAL_RCC_GetHCLKFreq
                0x00000000080018f8        0xc build/stm32f0xx_hal_rcc.o
                0x00000000080018f8                HAL_RCC_GetHCLKFreq
 .text.HAL_RCC_GetPCLK1Freq
                0x0000000008001904       0x20 build/stm32f0xx_hal_rcc.o
                0x0000000008001904                HAL_RCC_GetPCLK1Freq
 .text.HAL_RCCEx_PeriphCLKConfig
                0x0000000008001924      0x11c build/stm32f0xx_hal_rcc_ex.o
                0x0000000008001924                HAL_RCCEx_PeriphCLKConfig
 .text.HAL_InitTick
                0x0000000008001a40       0x50 build/stm32f0xx_hal.o
                0x0000000008001a40                HAL_InitTick
 .text.HAL_Init
                0x0000000008001a90       0x20 build/stm32f0xx_hal.o
                0x0000000008001a90                HAL_Init
 .text.HAL_IncTick
                0x0000000008001ab0       0x18 build/stm32f0xx_hal.o
                0x0000000008001ab0                HAL_IncTick
 .text.HAL_GetTick
                0x0000000008001ac8        0xc build/stm32f0xx_hal.o
                0x0000000008001ac8                HAL_GetTick
 .text.HAL_I2C_Init
                0x0000000008001ad4       0xcc build/stm32f0xx_hal_i2c.o
                0x0000000008001ad4                HAL_I2C_Init
 .text.HAL_I2CEx_ConfigAnalogFilter
                0x0000000008001ba0       0x58 build/stm32f0xx_hal_i2c_ex.o
                0x0000000008001ba0                HAL_I2CEx_ConfigAnalogFilter
 .text.HAL_I2CEx_ConfigDigitalFilter
                0x0000000008001bf8       0x54 build/stm32f0xx_hal_i2c_ex.o
                0x0000000008001bf8                HAL_I2CEx_ConfigDigitalFilter
 .text.HAL_GPIO_Init
                0x0000000008001c4c      0x18c build/stm32f0xx_hal_gpio.o
                0x0000000008001c4c                HAL_GPIO_Init
 .text.HAL_GPIO_WritePin
                0x0000000008001dd8        0xc build/stm32f0xx_hal_gpio.o
                0x0000000008001dd8                HAL_GPIO_WritePin
 .text.HAL_NVIC_SetPriority
                0x0000000008001de4       0x60 build/stm32f0xx_hal_cortex.o
                0x0000000008001de4                HAL_NVIC_SetPriority
 .text.HAL_NVIC_EnableIRQ
                0x0000000008001e44       0x18 build/stm32f0xx_hal_cortex.o
                0x0000000008001e44                HAL_NVIC_EnableIRQ
 .text.HAL_SYSTICK_Config
                0x0000000008001e5c       0x38 build/stm32f0xx_hal_cortex.o
                0x0000000008001e5c                HAL_SYSTICK_Config
 .text.HAL_SPI_Init
                0x0000000008001e94      0x104 build/stm32f0xx_hal_spi.o
                0x0000000008001e94                HAL_SPI_Init
 .text.TIM_OC1_SetConfig
                0x0000000008001f98       0x88 build/stm32f0xx_hal_tim.o
 .text.TIM_OC3_SetConfig
                0x0000000008002020       0x90 build/stm32f0xx_hal_tim.o
 .text.TIM_OC4_SetConfig
                0x00000000080020b0       0x74 build/stm32f0xx_hal_tim.o
 .text.TIM_TI1_ConfigInputStage
                0x0000000008002124       0x22 build/stm32f0xx_hal_tim.o
 *fill*         0x0000000008002146        0x2 
 .text.TIM_TI2_ConfigInputStage
                0x0000000008002148       0x28 build/stm32f0xx_hal_tim.o
 .text.TIM_ITRx_SetConfig
                0x0000000008002170       0x10 build/stm32f0xx_hal_tim.o
 .text.HAL_TIM_Base_Start_IT
                0x0000000008002180       0x64 build/stm32f0xx_hal_tim.o
                0x0000000008002180                HAL_TIM_Base_Start_IT
 .text.HAL_TIM_PWM_MspInit
                0x00000000080021e4        0x2 build/stm32f0xx_hal_tim.o
                0x00000000080021e4                HAL_TIM_PWM_MspInit
 .text.HAL_TIM_OC_DelayElapsedCallback
                0x00000000080021e6        0x2 build/stm32f0xx_hal_tim.o
                0x00000000080021e6                HAL_TIM_OC_DelayElapsedCallback
 .text.HAL_TIM_IC_CaptureCallback
                0x00000000080021e8        0x2 build/stm32f0xx_hal_tim.o
                0x00000000080021e8                HAL_TIM_IC_CaptureCallback
 .text.HAL_TIM_PWM_PulseFinishedCallback
                0x00000000080021ea        0x2 build/stm32f0xx_hal_tim.o
                0x00000000080021ea                HAL_TIM_PWM_PulseFinishedCallback
 .text.HAL_TIM_TriggerCallback
                0x00000000080021ec        0x2 build/stm32f0xx_hal_tim.o
                0x00000000080021ec                HAL_TIM_TriggerCallback
 .text.HAL_TIM_IRQHandler
                0x00000000080021ee      0x15a build/stm32f0xx_hal_tim.o
                0x00000000080021ee                HAL_TIM_IRQHandler
 .text.TIM_Base_SetConfig
                0x0000000008002348       0x94 build/stm32f0xx_hal_tim.o
                0x0000000008002348                TIM_Base_SetConfig
 .text.HAL_TIM_Base_Init
                0x00000000080023dc       0x58 build/stm32f0xx_hal_tim.o
                0x00000000080023dc                HAL_TIM_Base_Init
 .text.HAL_TIM_PWM_Init
                0x0000000008002434       0x58 build/stm32f0xx_hal_tim.o
                0x0000000008002434                HAL_TIM_PWM_Init
 .text.TIM_OC2_SetConfig
                0x000000000800248c       0x88 build/stm32f0xx_hal_tim.o
                0x000000000800248c                TIM_OC2_SetConfig
 .text.HAL_TIM_PWM_ConfigChannel
                0x0000000008002514       0xf0 build/stm32f0xx_hal_tim.o
                0x0000000008002514                HAL_TIM_PWM_ConfigChannel
 .text.TIM_ETR_SetConfig
                0x0000000008002604       0x18 build/stm32f0xx_hal_tim.o
                0x0000000008002604                TIM_ETR_SetConfig
 .text.HAL_TIM_ConfigClockSource
                0x000000000800261c      0x108 build/stm32f0xx_hal_tim.o
                0x000000000800261c                HAL_TIM_ConfigClockSource
 .text.HAL_TIMEx_MasterConfigSynchronization
                0x0000000008002724       0x64 build/stm32f0xx_hal_tim_ex.o
                0x0000000008002724                HAL_TIMEx_MasterConfigSynchronization
 .text.HAL_TIMEx_ConfigBreakDeadTime
                0x0000000008002788       0x6c build/stm32f0xx_hal_tim_ex.o
                0x0000000008002788                HAL_TIMEx_ConfigBreakDeadTime
 .text.HAL_TIMEx_CommutCallback
                0x00000000080027f4        0x2 build/stm32f0xx_hal_tim_ex.o
                0x00000000080027f4                HAL_TIMEx_CommutCallback
 .text.HAL_TIMEx_BreakCallback
                0x00000000080027f6        0x2 build/stm32f0xx_hal_tim_ex.o
                0x00000000080027f6                HAL_TIMEx_BreakCallback
 .text.UART_SetConfig
                0x00000000080027f8      0x17c build/stm32f0xx_hal_uart.o
                0x00000000080027f8                UART_SetConfig
 .text.UART_AdvFeatureConfig
                0x0000000008002974       0xe0 build/stm32f0xx_hal_uart.o
                0x0000000008002974                UART_AdvFeatureConfig
 .text.UART_WaitOnFlagUntilTimeout
                0x0000000008002a54       0xdc build/stm32f0xx_hal_uart.o
                0x0000000008002a54                UART_WaitOnFlagUntilTimeout
 .text.UART_CheckIdleState
                0x0000000008002b30       0x70 build/stm32f0xx_hal_uart.o
                0x0000000008002b30                UART_CheckIdleState
 .text.HAL_UART_Init
                0x0000000008002ba0       0x6c build/stm32f0xx_hal_uart.o
                0x0000000008002ba0                HAL_UART_Init
 .text.SystemInit
                0x0000000008002c0c        0x2 build/system_stm32f0xx.o
                0x0000000008002c0c                SystemInit
 *fill*         0x0000000008002c0e        0x2 
 .text.Reset_Handler
                0x0000000008002c10       0x44 build/startup_stm32f030x8.o
                0x0000000008002c10                Reset_Handler
 .text.Default_Handler
                0x0000000008002c54        0x2 build/startup_stm32f030x8.o
                0x0000000008002c54                Default_Handler
 .text.NMI_Handler
                0x0000000008002c56        0x6 build/startup_stm32f030x8.o
                0x0000000008002c56                NMI_Handler
 .text.HardFault_Handler
                0x0000000008002c5c        0x6 build/startup_stm32f030x8.o
                0x0000000008002c5c                HardFault_Handler
 .text.SVC_Handler
                0x0000000008002c62        0x6 build/startup_stm32f030x8.o
                0x0000000008002c62                SVC_Handler
 .text.PendSV_Handler
                0x0000000008002c68        0x6 build/startup_stm32f030x8.o
                0x0000000008002c68                PendSV_Handler
 .text.WWDG_IRQHandler
                0x0000000008002c6e        0x6 build/startup_stm32f030x8.o
                0x0000000008002c6e                WWDG_IRQHandler
 .text.RTC_IRQHandler
                0x0000000008002c74        0x6 build/startup_stm32f030x8.o
                0x0000000008002c74                RTC_IRQHandler
 .text.FLASH_IRQHandler
                0x0000000008002c7a        0x6 build/startup_stm32f030x8.o
                0x0000000008002c7a                FLASH_IRQHandler
 .text.RCC_IRQHandler
                0x0000000008002c80        0x6 build/startup_stm32f030x8.o
                0x0000000008002c80                RCC_IRQHandler
 .text.EXTI0_1_IRQHandler
                0x0000000008002c86        0x6 build/startup_stm32f030x8.o
                0x0000000008002c86                EXTI0_1_IRQHandler
 .text.EXTI2_3_IRQHandler
                0x0000000008002c8c        0x6 build/startup_stm32f030x8.o
                0x0000000008002c8c                EXTI2_3_IRQHandler
 .text.EXTI4_15_IRQHandler
                0x0000000008002c92        0x6 build/startup_stm32f030x8.o
                0x0000000008002c92                EXTI4_15_IRQHandler
 .text.DMA1_Channel1_IRQHandler
                0x0000000008002c98        0x6 build/startup_stm32f030x8.o
                0x0000000008002c98                DMA1_Channel1_IRQHandler
 .text.DMA1_Channel2_3_IRQHandler
                0x0000000008002c9e        0x6 build/startup_stm32f030x8.o
                0x0000000008002c9e                DMA1_Channel2_3_IRQHandler
 .text.DMA1_Channel4_5_IRQHandler
                0x0000000008002ca4        0x6 build/startup_stm32f030x8.o
                0x0000000008002ca4                DMA1_Channel4_5_IRQHandler
 .text.ADC1_IRQHandler
                0x0000000008002caa        0x6 build/startup_stm32f030x8.o
                0x0000000008002caa                ADC1_IRQHandler
 .text.TIM1_BRK_UP_TRG_COM_IRQHandler
                0x0000000008002cb0        0x6 build/startup_stm32f030x8.o
                0x0000000008002cb0                TIM1_BRK_UP_TRG_COM_IRQHandler
 .text.TIM1_CC_IRQHandler
                0x0000000008002cb6        0x6 build/startup_stm32f030x8.o
                0x0000000008002cb6                TIM1_CC_IRQHandler
 .text.TIM3_IRQHandler
                0x0000000008002cbc        0x6 build/startup_stm32f030x8.o
                0x0000000008002cbc                TIM3_IRQHandler
 .text.TIM6_IRQHandler
                0x0000000008002cc2        0x6 build/startup_stm32f030x8.o
                0x0000000008002cc2                TIM6_IRQHandler
 .text.TIM14_IRQHandler
                0x0000000008002cc8        0x6 build/startup_stm32f030x8.o
                0x0000000008002cc8                TIM14_IRQHandler
 .text.TIM16_IRQHandler
                0x0000000008002cce        0x6 build/startup_stm32f030x8.o
                0x0000000008002cce                TIM16_IRQHandler
 .text.I2C1_IRQHandler
                0x0000000008002cd4        0x6 build/startup_stm32f030x8.o
                0x0000000008002cd4                I2C1_IRQHandler
 .text.I2C2_IRQHandler
                0x0000000008002cda        0x6 build/startup_stm32f030x8.o
                0x0000000008002cda                I2C2_IRQHandler
 .text.SPI1_IRQHandler
                0x0000000008002ce0        0x6 build/startup_stm32f030x8.o
                0x0000000008002ce0                SPI1_IRQHandler
 .text.SPI2_IRQHandler
                0x0000000008002ce6        0x6 build/startup_stm32f030x8.o
                0x0000000008002ce6                SPI2_IRQHandler
 .text.USART1_IRQHandler
                0x0000000008002cec        0x6 build/startup_stm32f030x8.o
                0x0000000008002cec                USART1_IRQHandler
 .text.USART2_IRQHandler
                0x0000000008002cf2        0x6 build/startup_stm32f030x8.o
                0x0000000008002cf2                USART2_IRQHandler
 .text.TIM15_Handler
                0x0000000008002cf8       0x10 build/startup_stm32f030x8.o
                0x0000000008002cf8                TIM15_Handler
 .text.TIM15_IRQHandler
                0x0000000008002d08        0x8 build/startup_stm32f030x8.o
                0x0000000008002d08                TIM15_IRQHandler
 .text.TIM17_Handler
                0x0000000008002d10       0x10 build/startup_stm32f030x8.o
                0x0000000008002d10                TIM17_Handler
 .text.TIM17_IRQHandler
                0x0000000008002d20        0x8 build/startup_stm32f030x8.o
                0x0000000008002d20                TIM17_IRQHandler
 .text.SystemTick_Handler
                0x0000000008002d28        0xc build/startup_stm32f030x8.o
                0x0000000008002d28                SystemTick_Handler
 .text.SysTick_Handler
                0x0000000008002d34        0x8 build/startup_stm32f030x8.o
                0x0000000008002d34                SysTick_Handler
 .text.__libc_init_array
                0x0000000008002d3c       0x48 /Users/seojisu/Library/Arm-GCC-xPack/bin/../lib/gcc/arm-none-eabi/10.3.1/../../../../arm-none-eabi/lib/thumb/v6-m/nofp/libc_nano.a(lib_a-init.o)
                0x0000000008002d3c                __libc_init_array
 .text.memset   0x0000000008002d84       0x10 /Users/seojisu/Library/Arm-GCC-xPack/bin/../lib/gcc/arm-none-eabi/10.3.1/../../../../arm-none-eabi/lib/thumb/v6-m/nofp/libc_nano.a(lib_a-memset.o)
                0x0000000008002d84                memset
 *(.glue_7)
 .glue_7        0x0000000008002d94        0x0 linker stubs
 *(.glue_7t)
 .glue_7t       0x0000000008002d94        0x0 linker stubs
 *(.eh_frame)
 .eh_frame      0x0000000008002d94        0x0 /Users/seojisu/Library/Arm-GCC-xPack/bin/../lib/gcc/arm-none-eabi/10.3.1/thumb/v6-m/nofp/crtbegin.o
 *(.init)
 .init          0x0000000008002d94        0x4 /Users/seojisu/Library/Arm-GCC-xPack/bin/../lib/gcc/arm-none-eabi/10.3.1/thumb/v6-m/nofp/crti.o
                0x0000000008002d94                _init
 .init          0x0000000008002d98        0x8 /Users/seojisu/Library/Arm-GCC-xPack/bin/../lib/gcc/arm-none-eabi/10.3.1/thumb/v6-m/nofp/crtn.o
 *(.fini)
 .fini          0x0000000008002da0        0x4 /Users/seojisu/Library/Arm-GCC-xPack/bin/../lib/gcc/arm-none-eabi/10.3.1/thumb/v6-m/nofp/crti.o
                0x0000000008002da0                _fini
 .fini          0x0000000008002da4        0x8 /Users/seojisu/Library/Arm-GCC-xPack/bin/../lib/gcc/arm-none-eabi/10.3.1/thumb/v6-m/nofp/crtn.o
                0x0000000008002dac                . = ALIGN (0x4)
                0x0000000008002dac                _etext = .

.vfp11_veneer   0x0000000008002dac        0x0
 .vfp11_veneer  0x0000000008002dac        0x0 linker stubs

.v4_bx          0x0000000008002dac        0x0
 .v4_bx         0x0000000008002dac        0x0 linker stubs

.iplt           0x0000000008002dac        0x0
 .iplt          0x0000000008002dac        0x0 /Users/seojisu/Library/Arm-GCC-xPack/bin/../lib/gcc/arm-none-eabi/10.3.1/thumb/v6-m/nofp/crtbegin.o

.rodata         0x0000000008002dac       0x40
                0x0000000008002dac                . = ALIGN (0x4)
 *(.rodata)
 *(.rodata*)
 .rodata.HAL_RCC_GetSysClockFreq.str1.4
                0x0000000008002dac       0x25 build/stm32f0xx_hal_rcc.o
 *fill*         0x0000000008002dd1        0x3 
 .rodata.AHBPrescTable
                0x0000000008002dd4       0x10 build/system_stm32f0xx.o
                0x0000000008002dd4                AHBPrescTable
 .rodata.APBPrescTable
                0x0000000008002de4        0x8 build/system_stm32f0xx.o
                0x0000000008002de4                APBPrescTable
                0x0000000008002dec                . = ALIGN (0x4)

.rel.dyn        0x0000000008002dec        0x0
 .rel.iplt      0x0000000008002dec        0x0 /Users/seojisu/Library/Arm-GCC-xPack/bin/../lib/gcc/arm-none-eabi/10.3.1/thumb/v6-m/nofp/crtbegin.o

.ARM.extab
 *(.ARM.extab* .gnu.linkonce.armextab.*)

.ARM            0x0000000008002dec        0x0
                0x0000000008002dec                __exidx_start = .
 *(.ARM.exidx*)
                0x0000000008002dec                __exidx_end = .

.preinit_array  0x0000000008002dec        0x0
                0x0000000008002dec                PROVIDE (__preinit_array_start = .)
 *(.preinit_array*)
                0x0000000008002dec                PROVIDE (__preinit_array_end = .)

.init_array     0x0000000008002dec        0x4
                0x0000000008002dec                PROVIDE (__init_array_start = .)
 *(SORT_BY_NAME(.init_array.*))
 *(.init_array*)
 .init_array    0x0000000008002dec        0x4 /Users/seojisu/Library/Arm-GCC-xPack/bin/../lib/gcc/arm-none-eabi/10.3.1/thumb/v6-m/nofp/crtbegin.o
                0x0000000008002df0                PROVIDE (__init_array_end = .)

.fini_array     0x0000000008002df0        0x4
                [!provide]                        PROVIDE (__fini_array_start = .)
 *(SORT_BY_NAME(.fini_array.*))
 *(.fini_array*)
 .fini_array    0x0000000008002df0        0x4 /Users/seojisu/Library/Arm-GCC-xPack/bin/../lib/gcc/arm-none-eabi/10.3.1/thumb/v6-m/nofp/crtbegin.o
                [!provide]                        PROVIDE (__fini_array_end = .)
                0x0000000008002df4                _sidata = LOADADDR (.data)

.data           0x0000000020000000        0xc load address 0x0000000008002df4
                0x0000000020000000                . = ALIGN (0x4)
                0x0000000020000000                _sdata = .
 *(.data)
 *(.data*)
 .data.uwTickFreq
                0x0000000020000000        0x1 build/stm32f0xx_hal.o
                0x0000000020000000                uwTickFreq
 *fill*         0x0000000020000001        0x3 
 .data.uwTickPrio
                0x0000000020000004        0x4 build/stm32f0xx_hal.o
                0x0000000020000004                uwTickPrio
 .data.SystemCoreClock
                0x0000000020000008        0x4 build/system_stm32f0xx.o
                0x0000000020000008                SystemCoreClock
                0x000000002000000c                . = ALIGN (0x4)
                0x000000002000000c                _edata = .

.igot.plt       0x000000002000000c        0x0 load address 0x0000000008002e00
 .igot.plt      0x000000002000000c        0x0 /Users/seojisu/Library/Arm-GCC-xPack/bin/../lib/gcc/arm-none-eabi/10.3.1/thumb/v6-m/nofp/crtbegin.o
                0x000000002000000c                . = ALIGN (0x4)

.bss            0x000000002000000c      0x3f4 load address 0x0000000008002e00
                0x000000002000000c                _sbss = .
                0x000000002000000c                __bss_start__ = _sbss
 *(.bss)
 *(.bss*)
 .bss.completed.1
                0x000000002000000c        0x1 /Users/seojisu/Library/Arm-GCC-xPack/bin/../lib/gcc/arm-none-eabi/10.3.1/thumb/v6-m/nofp/crtbegin.o
 *fill*         0x000000002000000d        0x3 
 .bss.object.0  0x0000000020000010       0x18 /Users/seojisu/Library/Arm-GCC-xPack/bin/../lib/gcc/arm-none-eabi/10.3.1/thumb/v6-m/nofp/crtbegin.o
 .bss.hadc      0x0000000020000028       0x40 build/main.o
                0x0000000020000028                hadc
 .bss.hi2c1     0x0000000020000068       0x4c build/main.o
                0x0000000020000068                hi2c1
 .bss.hi2c2     0x00000000200000b4       0x4c build/main.o
                0x00000000200000b4                hi2c2
 .bss.hspi1     0x0000000020000100       0x64 build/main.o
                0x0000000020000100                hspi1
 .bss.htim1     0x0000000020000164       0x48 build/main.o
                0x0000000020000164                htim1
 .bss.htim14    0x00000000200001ac       0x48 build/main.o
                0x00000000200001ac                htim14
 .bss.htim15    0x00000000200001f4       0x48 build/main.o
                0x00000000200001f4                htim15
 .bss.htim16    0x000000002000023c       0x48 build/main.o
                0x000000002000023c                htim16
 .bss.htim17    0x0000000020000284       0x48 build/main.o
                0x0000000020000284                htim17
 .bss.htim3     0x00000000200002cc       0x48 build/main.o
                0x00000000200002cc                htim3
 .bss.huart2    0x0000000020000314       0x84 build/main.o
                0x0000000020000314                huart2
 .bss.Os_Var    0x0000000020000398       0x64 build/os.o
                0x0000000020000398                Os_Var
 .bss.uwTick    0x00000000200003fc        0x4 build/stm32f0xx_hal.o
                0x00000000200003fc                uwTick
 *(COMMON)
                0x0000000020000400                . = ALIGN (0x4)
                0x0000000020000400                _ebss = .
                0x0000000020000400                __bss_end__ = _ebss

._user_heap_stack
                0x0000000020000400      0x600 load address 0x0000000008002e00
                0x0000000020000400                . = ALIGN (0x8)
                [!provide]                        PROVIDE (end = .)
                [!provide]                        PROVIDE (_end = .)
                0x0000000020000600                . = (. + _Min_Heap_Size)
 *fill*         0x0000000020000400      0x200 
                0x0000000020000a00                . = (. + _Min_Stack_Size)
 *fill*         0x0000000020000600      0x400 
                0x0000000020000a00                . = ALIGN (0x8)

/DISCARD/
 libc.a(*)
 libm.a(*)
 libgcc.a(*)

.ARM.attributes
                0x0000000000000000       0x28
 *(.ARM.attributes)
 .ARM.attributes
                0x0000000000000000       0x1e /Users/seojisu/Library/Arm-GCC-xPack/bin/../lib/gcc/arm-none-eabi/10.3.1/thumb/v6-m/nofp/crti.o
 .ARM.attributes
                0x000000000000001e       0x2c /Users/seojisu/Library/Arm-GCC-xPack/bin/../lib/gcc/arm-none-eabi/10.3.1/thumb/v6-m/nofp/crtbegin.o
 .ARM.attributes
                0x000000000000004a       0x2c build/main.o
 .ARM.attributes
                0x0000000000000076       0x2c build/stm32f0xx_hal_msp.o
 .ARM.attributes
                0x00000000000000a2       0x2c build/os.o
 .ARM.attributes
                0x00000000000000ce       0x2c build/stm32f0xx_hal_adc.o
 .ARM.attributes
                0x00000000000000fa       0x2c build/stm32f0xx_hal_rcc.o
 .ARM.attributes
                0x0000000000000126       0x2c build/stm32f0xx_hal_rcc_ex.o
 .ARM.attributes
                0x0000000000000152       0x2c build/stm32f0xx_hal.o
 .ARM.attributes
                0x000000000000017e       0x2c build/stm32f0xx_hal_i2c.o
 .ARM.attributes
                0x00000000000001aa       0x2c build/stm32f0xx_hal_i2c_ex.o
 .ARM.attributes
                0x00000000000001d6       0x2c build/stm32f0xx_hal_gpio.o
 .ARM.attributes
                0x0000000000000202       0x2c build/stm32f0xx_hal_cortex.o
 .ARM.attributes
                0x000000000000022e       0x2c build/stm32f0xx_hal_spi.o
 .ARM.attributes
                0x000000000000025a       0x2c build/stm32f0xx_hal_tim.o
 .ARM.attributes
                0x0000000000000286       0x2c build/stm32f0xx_hal_tim_ex.o
 .ARM.attributes
                0x00000000000002b2       0x2c build/stm32f0xx_hal_uart.o
 .ARM.attributes
                0x00000000000002de       0x2c build/system_stm32f0xx.o
 .ARM.attributes
                0x000000000000030a       0x2c build/startup_stm32f030x8.o
 .ARM.attributes
                0x0000000000000336       0x2c /Users/seojisu/Library/Arm-GCC-xPack/bin/../lib/gcc/arm-none-eabi/10.3.1/../../../../arm-none-eabi/lib/thumb/v6-m/nofp/libc_nano.a(lib_a-init.o)
 .ARM.attributes
                0x0000000000000362       0x2c /Users/seojisu/Library/Arm-GCC-xPack/bin/../lib/gcc/arm-none-eabi/10.3.1/../../../../arm-none-eabi/lib/thumb/v6-m/nofp/libc_nano.a(lib_a-memset.o)
 .ARM.attributes
                0x000000000000038e       0x1e /Users/seojisu/Library/Arm-GCC-xPack/bin/../lib/gcc/arm-none-eabi/10.3.1/thumb/v6-m/nofp/libgcc.a(_udivsi3.o)
 .ARM.attributes
                0x00000000000003ac       0x1e /Users/seojisu/Library/Arm-GCC-xPack/bin/../lib/gcc/arm-none-eabi/10.3.1/thumb/v6-m/nofp/libgcc.a(_dvmd_tls.o)
 .ARM.attributes
                0x00000000000003ca       0x1e /Users/seojisu/Library/Arm-GCC-xPack/bin/../lib/gcc/arm-none-eabi/10.3.1/thumb/v6-m/nofp/crtn.o
OUTPUT(build/AllPrime_Heating_Machine.elf elf32-littlearm)
LOAD linker stubs
LOAD /Users/seojisu/Library/Arm-GCC-xPack/bin/../lib/gcc/arm-none-eabi/10.3.1/../../../../arm-none-eabi/lib/thumb/v6-m/nofp/libc.a
LOAD /Users/seojisu/Library/Arm-GCC-xPack/bin/../lib/gcc/arm-none-eabi/10.3.1/../../../../arm-none-eabi/lib/thumb/v6-m/nofp/libm.a
LOAD /Users/seojisu/Library/Arm-GCC-xPack/bin/../lib/gcc/arm-none-eabi/10.3.1/thumb/v6-m/nofp/libgcc.a

.comment        0x0000000000000000       0x42
 .comment       0x0000000000000000       0x42 /Users/seojisu/Library/Arm-GCC-xPack/bin/../lib/gcc/arm-none-eabi/10.3.1/thumb/v6-m/nofp/crtbegin.o
                                         0x43 (size before relaxing)
 .comment       0x0000000000000042       0x43 build/main.o
 .comment       0x0000000000000042       0x43 build/stm32f0xx_hal_msp.o
 .comment       0x0000000000000042       0x43 build/os.o
 .comment       0x0000000000000042       0x43 build/stm32f0xx_hal_adc.o
 .comment       0x0000000000000042       0x43 build/stm32f0xx_hal_rcc.o
 .comment       0x0000000000000042       0x43 build/stm32f0xx_hal_rcc_ex.o
 .comment       0x0000000000000042       0x43 build/stm32f0xx_hal.o
 .comment       0x0000000000000042       0x43 build/stm32f0xx_hal_i2c.o
 .comment       0x0000000000000042       0x43 build/stm32f0xx_hal_i2c_ex.o
 .comment       0x0000000000000042       0x43 build/stm32f0xx_hal_gpio.o
 .comment       0x0000000000000042       0x43 build/stm32f0xx_hal_cortex.o
 .comment       0x0000000000000042       0x43 build/stm32f0xx_hal_spi.o
 .comment       0x0000000000000042       0x43 build/stm32f0xx_hal_tim.o
 .comment       0x0000000000000042       0x43 build/stm32f0xx_hal_tim_ex.o
 .comment       0x0000000000000042       0x43 build/stm32f0xx_hal_uart.o
 .comment       0x0000000000000042       0x43 build/system_stm32f0xx.o
 .comment       0x0000000000000042       0x43 build/startup_stm32f030x8.o
 .comment       0x0000000000000042       0x43 /Users/seojisu/Library/Arm-GCC-xPack/bin/../lib/gcc/arm-none-eabi/10.3.1/../../../../arm-none-eabi/lib/thumb/v6-m/nofp/libc_nano.a(lib_a-init.o)
 .comment       0x0000000000000042       0x43 /Users/seojisu/Library/Arm-GCC-xPack/bin/../lib/gcc/arm-none-eabi/10.3.1/../../../../arm-none-eabi/lib/thumb/v6-m/nofp/libc_nano.a(lib_a-memset.o)

.debug_info     0x0000000000000000    0x1b551
 .debug_info    0x0000000000000000     0x28c0 build/main.o
 .debug_info    0x00000000000028c0     0x1ed0 build/stm32f0xx_hal_msp.o
 .debug_info    0x0000000000004790      0xcf5 build/os.o
 .debug_info    0x0000000000005485     0x10b0 build/stm32f0xx_hal_adc.o
 .debug_info    0x0000000000006535      0xb23 build/stm32f0xx_hal_rcc.o
 .debug_info    0x0000000000007058      0x41c build/stm32f0xx_hal_rcc_ex.o
 .debug_info    0x0000000000007474      0x7e8 build/stm32f0xx_hal.o
 .debug_info    0x0000000000007c5c     0x415a build/stm32f0xx_hal_i2c.o
 .debug_info    0x000000000000bdb6      0x90c build/stm32f0xx_hal_i2c_ex.o
 .debug_info    0x000000000000c6c2      0x6c5 build/stm32f0xx_hal_gpio.o
 .debug_info    0x000000000000cd87      0x8ac build/stm32f0xx_hal_cortex.o
 .debug_info    0x000000000000d633     0x2313 build/stm32f0xx_hal_spi.o
 .debug_info    0x000000000000f946     0x3fd4 build/stm32f0xx_hal_tim.o
 .debug_info    0x000000000001391a     0x1baa build/stm32f0xx_hal_tim_ex.o
 .debug_info    0x00000000000154c4     0x50a8 build/stm32f0xx_hal_uart.o
 .debug_info    0x000000000001a56c      0x2bc build/system_stm32f0xx.o
 .debug_info    0x000000000001a828      0xd29 build/startup_stm32f030x8.o

.debug_abbrev   0x0000000000000000     0x273a
 .debug_abbrev  0x0000000000000000      0x299 build/main.o
 .debug_abbrev  0x0000000000000299      0x22d build/stm32f0xx_hal_msp.o
 .debug_abbrev  0x00000000000004c6      0x25a build/os.o
 .debug_abbrev  0x0000000000000720      0x24d build/stm32f0xx_hal_adc.o
 .debug_abbrev  0x000000000000096d      0x280 build/stm32f0xx_hal_rcc.o
 .debug_abbrev  0x0000000000000bed      0x1ab build/stm32f0xx_hal_rcc_ex.o
 .debug_abbrev  0x0000000000000d98      0x249 build/stm32f0xx_hal.o
 .debug_abbrev  0x0000000000000fe1      0x2ba build/stm32f0xx_hal_i2c.o
 .debug_abbrev  0x000000000000129b      0x1c6 build/stm32f0xx_hal_i2c_ex.o
 .debug_abbrev  0x0000000000001461      0x222 build/stm32f0xx_hal_gpio.o
 .debug_abbrev  0x0000000000001683      0x2ab build/stm32f0xx_hal_cortex.o
 .debug_abbrev  0x000000000000192e      0x286 build/stm32f0xx_hal_spi.o
 .debug_abbrev  0x0000000000001bb4      0x2a7 build/stm32f0xx_hal_tim.o
 .debug_abbrev  0x0000000000001e5b      0x28f build/stm32f0xx_hal_tim_ex.o
 .debug_abbrev  0x00000000000020ea      0x305 build/stm32f0xx_hal_uart.o
 .debug_abbrev  0x00000000000023ef      0x134 build/system_stm32f0xx.o
 .debug_abbrev  0x0000000000002523      0x217 build/startup_stm32f030x8.o

.debug_loc      0x0000000000000000    0x179cf
 .debug_loc     0x0000000000000000      0x231 build/main.o
 .debug_loc     0x0000000000000231      0x52d build/stm32f0xx_hal_msp.o
 .debug_loc     0x000000000000075e      0x382 build/os.o
 .debug_loc     0x0000000000000ae0     0x10bc build/stm32f0xx_hal_adc.o
 .debug_loc     0x0000000000001b9c      0x72b build/stm32f0xx_hal_rcc.o
 .debug_loc     0x00000000000022c7      0x3e3 build/stm32f0xx_hal_rcc_ex.o
 .debug_loc     0x00000000000026aa      0x1e1 build/stm32f0xx_hal.o
 .debug_loc     0x000000000000288b     0x53e7 build/stm32f0xx_hal_i2c.o
 .debug_loc     0x0000000000007c72      0x1d2 build/stm32f0xx_hal_i2c_ex.o
 .debug_loc     0x0000000000007e44      0x420 build/stm32f0xx_hal_gpio.o
 .debug_loc     0x0000000000008264      0x473 build/stm32f0xx_hal_cortex.o
 .debug_loc     0x00000000000086d7     0x263e build/stm32f0xx_hal_spi.o
 .debug_loc     0x000000000000ad15     0x601f build/stm32f0xx_hal_tim.o
 .debug_loc     0x0000000000010d34     0x2698 build/stm32f0xx_hal_tim_ex.o
 .debug_loc     0x00000000000133cc     0x3f69 build/stm32f0xx_hal_uart.o
 .debug_loc     0x0000000000017335      0x187 build/system_stm32f0xx.o
 .debug_loc     0x00000000000174bc      0x513 build/startup_stm32f030x8.o

.debug_aranges  0x0000000000000000     0x1228
 .debug_aranges
                0x0000000000000000       0x90 build/main.o
 .debug_aranges
                0x0000000000000090       0x78 build/stm32f0xx_hal_msp.o
 .debug_aranges
                0x0000000000000108       0x80 build/os.o
 .debug_aranges
                0x0000000000000188       0xf8 build/stm32f0xx_hal_adc.o
 .debug_aranges
                0x0000000000000280       0x80 build/stm32f0xx_hal_rcc.o
 .debug_aranges
                0x0000000000000300       0x30 build/stm32f0xx_hal_rcc_ex.o
 .debug_aranges
                0x0000000000000330       0xd0 build/stm32f0xx_hal.o
 .debug_aranges
                0x0000000000000400      0x290 build/stm32f0xx_hal_i2c.o
 .debug_aranges
                0x0000000000000690       0x38 build/stm32f0xx_hal_i2c_ex.o
 .debug_aranges
                0x00000000000006c8       0x58 build/stm32f0xx_hal_gpio.o
 .debug_aranges
                0x0000000000000720       0x78 build/stm32f0xx_hal_cortex.o
 .debug_aranges
                0x0000000000000798      0x1d8 build/stm32f0xx_hal_spi.o
 .debug_aranges
                0x0000000000000970      0x3d0 build/stm32f0xx_hal_tim.o
 .debug_aranges
                0x0000000000000d40      0x168 build/stm32f0xx_hal_tim_ex.o
 .debug_aranges
                0x0000000000000ea8      0x218 build/stm32f0xx_hal_uart.o
 .debug_aranges
                0x00000000000010c0       0x28 build/system_stm32f0xx.o
 .debug_aranges
                0x00000000000010e8      0x140 build/startup_stm32f030x8.o

.debug_ranges   0x0000000000000000     0x11a8
 .debug_ranges  0x0000000000000000       0x80 build/main.o
 .debug_ranges  0x0000000000000080       0x68 build/stm32f0xx_hal_msp.o
 .debug_ranges  0x00000000000000e8       0x70 build/os.o
 .debug_ranges  0x0000000000000158       0xe8 build/stm32f0xx_hal_adc.o
 .debug_ranges  0x0000000000000240       0x88 build/stm32f0xx_hal_rcc.o
 .debug_ranges  0x00000000000002c8       0x38 build/stm32f0xx_hal_rcc_ex.o
 .debug_ranges  0x0000000000000300       0xc0 build/stm32f0xx_hal.o
 .debug_ranges  0x00000000000003c0      0x280 build/stm32f0xx_hal_i2c.o
 .debug_ranges  0x0000000000000640       0x28 build/stm32f0xx_hal_i2c_ex.o
 .debug_ranges  0x0000000000000668       0x48 build/stm32f0xx_hal_gpio.o
 .debug_ranges  0x00000000000006b0       0xc8 build/stm32f0xx_hal_cortex.o
 .debug_ranges  0x0000000000000778      0x1c8 build/stm32f0xx_hal_spi.o
 .debug_ranges  0x0000000000000940      0x3c0 build/stm32f0xx_hal_tim.o
 .debug_ranges  0x0000000000000d00      0x158 build/stm32f0xx_hal_tim_ex.o
 .debug_ranges  0x0000000000000e58      0x208 build/stm32f0xx_hal_uart.o
 .debug_ranges  0x0000000000001060       0x18 build/system_stm32f0xx.o
 .debug_ranges  0x0000000000001078      0x130 build/startup_stm32f030x8.o

.debug_line     0x0000000000000000    0x1639e
 .debug_line    0x0000000000000000      0xd19 build/main.o
 .debug_line    0x0000000000000d19      0x720 build/stm32f0xx_hal_msp.o
 .debug_line    0x0000000000001439      0x4b4 build/os.o
 .debug_line    0x00000000000018ed      0xfe3 build/stm32f0xx_hal_adc.o
 .debug_line    0x00000000000028d0      0xb34 build/stm32f0xx_hal_rcc.o
 .debug_line    0x0000000000003404      0x45d build/stm32f0xx_hal_rcc_ex.o
 .debug_line    0x0000000000003861      0x4d8 build/stm32f0xx_hal.o
 .debug_line    0x0000000000003d39     0x48f3 build/stm32f0xx_hal_i2c.o
 .debug_line    0x000000000000862c      0x371 build/stm32f0xx_hal_i2c_ex.o
 .debug_line    0x000000000000899d      0x631 build/stm32f0xx_hal_gpio.o
 .debug_line    0x0000000000008fce      0x4e4 build/stm32f0xx_hal_cortex.o
 .debug_line    0x00000000000094b2     0x2782 build/stm32f0xx_hal_spi.o
 .debug_line    0x000000000000bc34     0x4a1b build/stm32f0xx_hal_tim.o
 .debug_line    0x000000000001064f     0x1b83 build/stm32f0xx_hal_tim_ex.o
 .debug_line    0x00000000000121d2     0x3aa6 build/stm32f0xx_hal_uart.o
 .debug_line    0x0000000000015c78      0x1f7 build/system_stm32f0xx.o
 .debug_line    0x0000000000015e6f      0x52f build/startup_stm32f030x8.o

.debug_str      0x0000000000000000     0x5110
 .debug_str     0x0000000000000000     0x13f9 build/main.o
                                       0x1563 (size before relaxing)
 .debug_str     0x00000000000013f9      0x2cb build/stm32f0xx_hal_msp.o
                                       0x11ed (size before relaxing)
 .debug_str     0x00000000000016c4      0x3fc build/os.o
                                        0xa24 (size before relaxing)
 .debug_str     0x0000000000001ac0      0x316 build/stm32f0xx_hal_adc.o
                                        0x8d0 (size before relaxing)
 .debug_str     0x0000000000001dd6      0x22b build/stm32f0xx_hal_rcc.o
                                        0x643 (size before relaxing)
 .debug_str     0x0000000000002001       0x94 build/stm32f0xx_hal_rcc_ex.o
                                        0x39a (size before relaxing)
 .debug_str     0x0000000000002095      0x267 build/stm32f0xx_hal.o
                                        0x688 (size before relaxing)
 .debug_str     0x00000000000022fc      0x87b build/stm32f0xx_hal_i2c.o
                                        0xf5d (size before relaxing)
 .debug_str     0x0000000000002b77       0x9c build/stm32f0xx_hal_i2c_ex.o
                                        0x794 (size before relaxing)
 .debug_str     0x0000000000002c13       0xf2 build/stm32f0xx_hal_gpio.o
                                        0x3e2 (size before relaxing)
 .debug_str     0x0000000000002d05      0x243 build/stm32f0xx_hal_cortex.o
                                        0x5d3 (size before relaxing)
 .debug_str     0x0000000000002f48      0x542 build/stm32f0xx_hal_spi.o
                                        0xbb0 (size before relaxing)
 .debug_str     0x000000000000348a      0xd95 build/stm32f0xx_hal_tim.o
                                       0x1621 (size before relaxing)
 .debug_str     0x000000000000421f      0x46f build/stm32f0xx_hal_tim_ex.o
                                        0xe22 (size before relaxing)
 .debug_str     0x000000000000468e      0x736 build/stm32f0xx_hal_uart.o
                                        0xe58 (size before relaxing)
 .debug_str     0x0000000000004dc4       0x5c build/system_stm32f0xx.o
                                        0x25f (size before relaxing)
 .debug_str     0x0000000000004e20      0x2f0 build/startup_stm32f030x8.o
                                        0x959 (size before relaxing)

.debug_frame    0x0000000000000000     0x329c
 .debug_frame   0x0000000000000000      0x188 build/main.o
 .debug_frame   0x0000000000000188      0x144 build/stm32f0xx_hal_msp.o
 .debug_frame   0x00000000000002cc      0x118 build/os.o
 .debug_frame   0x00000000000003e4      0x2a0 build/stm32f0xx_hal_adc.o
 .debug_frame   0x0000000000000684      0x138 build/stm32f0xx_hal_rcc.o
 .debug_frame   0x00000000000007bc       0x58 build/stm32f0xx_hal_rcc_ex.o
 .debug_frame   0x0000000000000814      0x1ac build/stm32f0xx_hal.o
 .debug_frame   0x00000000000009c0      0x860 build/stm32f0xx_hal_i2c.o
 .debug_frame   0x0000000000001220       0x78 build/stm32f0xx_hal_i2c_ex.o
 .debug_frame   0x0000000000001298       0xc0 build/stm32f0xx_hal_gpio.o
 .debug_frame   0x0000000000001358       0xe4 build/stm32f0xx_hal_cortex.o
 .debug_frame   0x000000000000143c      0x5a4 build/stm32f0xx_hal_spi.o
 .debug_frame   0x00000000000019e0      0xae0 build/stm32f0xx_hal_tim.o
 .debug_frame   0x00000000000024c0      0x420 build/stm32f0xx_hal_tim_ex.o
 .debug_frame   0x00000000000028e0      0x604 build/stm32f0xx_hal_uart.o
 .debug_frame   0x0000000000002ee4       0x38 build/system_stm32f0xx.o
 .debug_frame   0x0000000000002f1c      0x380 build/startup_stm32f030x8.o

Cross Reference Table

Symbol                                            File
ADC1_IRQHandler                                   build/startup_stm32f030x8.o
AHBPrescTable                                     build/system_stm32f0xx.o
                                                  build/stm32f0xx_hal_rcc.o
APBPrescTable                                     build/system_stm32f0xx.o
                                                  build/stm32f0xx_hal_rcc.o
DMA1_Channel1_IRQHandler                          build/startup_stm32f030x8.o
DMA1_Channel2_3_IRQHandler                        build/startup_stm32f030x8.o
DMA1_Channel4_5_IRQHandler                        build/startup_stm32f030x8.o
Default_Handler                                   build/startup_stm32f030x8.o
EXTI0_1_IRQHandler                                build/startup_stm32f030x8.o
EXTI2_3_IRQHandler                                build/startup_stm32f030x8.o
EXTI4_15_IRQHandler                               build/startup_stm32f030x8.o
Error_Handler                                     build/main.o
FLASH_IRQHandler                                  build/startup_stm32f030x8.o
FLASH_PageErase                                   build/stm32f0xx_hal_flash_ex.o
                                                  build/stm32f0xx_hal_flash.o
FLASH_WaitForLastOperation                        build/stm32f0xx_hal_flash.o
                                                  build/stm32f0xx_hal_flash_ex.o
HAL_ADCEx_Calibration_Start                       build/stm32f0xx_hal_adc_ex.o
HAL_ADC_AnalogWDGConfig                           build/stm32f0xx_hal_adc.o
HAL_ADC_ConfigChannel                             build/stm32f0xx_hal_adc.o
                                                  build/main.o
HAL_ADC_ConvCpltCallback                          build/stm32f0xx_hal_adc.o
HAL_ADC_ConvHalfCpltCallback                      build/stm32f0xx_hal_adc.o
HAL_ADC_DeInit                                    build/stm32f0xx_hal_adc.o
HAL_ADC_ErrorCallback                             build/stm32f0xx_hal_adc.o
HAL_ADC_GetError                                  build/stm32f0xx_hal_adc.o
HAL_ADC_GetState                                  build/stm32f0xx_hal_adc.o
HAL_ADC_GetValue                                  build/stm32f0xx_hal_adc.o
HAL_ADC_IRQHandler                                build/stm32f0xx_hal_adc.o
HAL_ADC_Init                                      build/stm32f0xx_hal_adc.o
                                                  build/main.o
HAL_ADC_LevelOutOfWindowCallback                  build/stm32f0xx_hal_adc.o
HAL_ADC_MspDeInit                                 build/stm32f0xx_hal_msp.o
HAL_ADC_MspInit                                   build/stm32f0xx_hal_msp.o
HAL_ADC_PollForConversion                         build/stm32f0xx_hal_adc.o
HAL_ADC_PollForEvent                              build/stm32f0xx_hal_adc.o
HAL_ADC_Start                                     build/stm32f0xx_hal_adc.o
HAL_ADC_Start_DMA                                 build/stm32f0xx_hal_adc.o
HAL_ADC_Start_IT                                  build/stm32f0xx_hal_adc.o
HAL_ADC_Stop                                      build/stm32f0xx_hal_adc.o
HAL_ADC_Stop_DMA                                  build/stm32f0xx_hal_adc.o
HAL_ADC_Stop_IT                                   build/stm32f0xx_hal_adc.o
HAL_DBGMCU_DisableDBGStandbyMode                  build/stm32f0xx_hal.o
HAL_DBGMCU_DisableDBGStopMode                     build/stm32f0xx_hal.o
HAL_DBGMCU_EnableDBGStandbyMode                   build/stm32f0xx_hal.o
HAL_DBGMCU_EnableDBGStopMode                      build/stm32f0xx_hal.o
HAL_DMA_Abort                                     build/stm32f0xx_hal_dma.o
                                                  build/stm32f0xx_hal_uart.o
                                                  build/stm32f0xx_hal_spi.o
                                                  build/stm32f0xx_hal_adc.o
HAL_DMA_Abort_IT                                  build/stm32f0xx_hal_dma.o
                                                  build/stm32f0xx_hal_uart.o
                                                  build/stm32f0xx_hal_tim_ex.o
                                                  build/stm32f0xx_hal_tim.o
                                                  build/stm32f0xx_hal_spi.o
                                                  build/stm32f0xx_hal_i2c.o
HAL_DMA_DeInit                                    build/stm32f0xx_hal_dma.o
HAL_DMA_GetError                                  build/stm32f0xx_hal_dma.o
                                                  build/stm32f0xx_hal_uart.o
HAL_DMA_GetState                                  build/stm32f0xx_hal_dma.o
                                                  build/stm32f0xx_hal_i2c.o
HAL_DMA_IRQHandler                                build/stm32f0xx_hal_dma.o
HAL_DMA_Init                                      build/stm32f0xx_hal_dma.o
HAL_DMA_PollForTransfer                           build/stm32f0xx_hal_dma.o
HAL_DMA_RegisterCallback                          build/stm32f0xx_hal_dma.o
HAL_DMA_Start                                     build/stm32f0xx_hal_dma.o
HAL_DMA_Start_IT                                  build/stm32f0xx_hal_dma.o
                                                  build/stm32f0xx_hal_uart.o
                                                  build/stm32f0xx_hal_tim_ex.o
                                                  build/stm32f0xx_hal_tim.o
                                                  build/stm32f0xx_hal_spi.o
                                                  build/stm32f0xx_hal_i2c.o
                                                  build/stm32f0xx_hal_adc.o
HAL_DMA_UnRegisterCallback                        build/stm32f0xx_hal_dma.o
HAL_DeInit                                        build/stm32f0xx_hal.o
HAL_Delay                                         build/stm32f0xx_hal.o
HAL_EXTI_ClearConfigLine                          build/stm32f0xx_hal_exti.o
HAL_EXTI_ClearPending                             build/stm32f0xx_hal_exti.o
HAL_EXTI_GenerateSWI                              build/stm32f0xx_hal_exti.o
HAL_EXTI_GetConfigLine                            build/stm32f0xx_hal_exti.o
HAL_EXTI_GetHandle                                build/stm32f0xx_hal_exti.o
HAL_EXTI_GetPending                               build/stm32f0xx_hal_exti.o
HAL_EXTI_IRQHandler                               build/stm32f0xx_hal_exti.o
HAL_EXTI_RegisterCallback                         build/stm32f0xx_hal_exti.o
HAL_EXTI_SetConfigLine                            build/stm32f0xx_hal_exti.o
HAL_FLASHEx_Erase                                 build/stm32f0xx_hal_flash_ex.o
HAL_FLASHEx_Erase_IT                              build/stm32f0xx_hal_flash_ex.o
HAL_FLASHEx_OBErase                               build/stm32f0xx_hal_flash_ex.o
HAL_FLASHEx_OBGetConfig                           build/stm32f0xx_hal_flash_ex.o
HAL_FLASHEx_OBGetUserData                         build/stm32f0xx_hal_flash_ex.o
HAL_FLASHEx_OBProgram                             build/stm32f0xx_hal_flash_ex.o
HAL_FLASH_EndOfOperationCallback                  build/stm32f0xx_hal_flash.o
HAL_FLASH_GetError                                build/stm32f0xx_hal_flash.o
HAL_FLASH_IRQHandler                              build/stm32f0xx_hal_flash.o
HAL_FLASH_Lock                                    build/stm32f0xx_hal_flash.o
HAL_FLASH_OB_Launch                               build/stm32f0xx_hal_flash.o
HAL_FLASH_OB_Lock                                 build/stm32f0xx_hal_flash.o
HAL_FLASH_OB_Unlock                               build/stm32f0xx_hal_flash.o
HAL_FLASH_OperationErrorCallback                  build/stm32f0xx_hal_flash.o
HAL_FLASH_Program                                 build/stm32f0xx_hal_flash.o
HAL_FLASH_Program_IT                              build/stm32f0xx_hal_flash.o
HAL_FLASH_Unlock                                  build/stm32f0xx_hal_flash.o
HAL_GPIO_DeInit                                   build/stm32f0xx_hal_gpio.o
                                                  build/stm32f0xx_hal_msp.o
HAL_GPIO_EXTI_Callback                            build/stm32f0xx_hal_gpio.o
HAL_GPIO_EXTI_IRQHandler                          build/stm32f0xx_hal_gpio.o
HAL_GPIO_Init                                     build/stm32f0xx_hal_gpio.o
                                                  build/stm32f0xx_hal_rcc.o
                                                  build/stm32f0xx_hal_msp.o
                                                  build/main.o
HAL_GPIO_LockPin                                  build/stm32f0xx_hal_gpio.o
HAL_GPIO_ReadPin                                  build/stm32f0xx_hal_gpio.o
HAL_GPIO_TogglePin                                build/stm32f0xx_hal_gpio.o
HAL_GPIO_WritePin                                 build/stm32f0xx_hal_gpio.o
                                                  build/main.o
HAL_GetDEVID                                      build/stm32f0xx_hal.o
HAL_GetHalVersion                                 build/stm32f0xx_hal.o
HAL_GetREVID                                      build/stm32f0xx_hal.o
HAL_GetTick                                       build/stm32f0xx_hal.o
                                                  build/stm32f0xx_hal_uart_ex.o
                                                  build/stm32f0xx_hal_uart.o
                                                  build/stm32f0xx_hal_spi.o
                                                  build/stm32f0xx_hal_flash.o
                                                  build/stm32f0xx_hal_dma.o
                                                  build/stm32f0xx_hal_i2c.o
                                                  build/stm32f0xx_hal_rcc_ex.o
                                                  build/stm32f0xx_hal_rcc.o
                                                  build/stm32f0xx_hal_adc_ex.o
                                                  build/stm32f0xx_hal_adc.o
HAL_GetTickFreq                                   build/stm32f0xx_hal.o
HAL_GetTickPrio                                   build/stm32f0xx_hal.o
HAL_GetUIDw0                                      build/stm32f0xx_hal.o
HAL_GetUIDw1                                      build/stm32f0xx_hal.o
HAL_GetUIDw2                                      build/stm32f0xx_hal.o
HAL_HalfDuplex_EnableReceiver                     build/stm32f0xx_hal_uart.o
HAL_HalfDuplex_EnableTransmitter                  build/stm32f0xx_hal_uart.o
HAL_HalfDuplex_Init                               build/stm32f0xx_hal_uart.o
HAL_I2CEx_ConfigAnalogFilter                      build/stm32f0xx_hal_i2c_ex.o
                                                  build/main.o
HAL_I2CEx_ConfigDigitalFilter                     build/stm32f0xx_hal_i2c_ex.o
                                                  build/main.o
HAL_I2CEx_DisableFastModePlus                     build/stm32f0xx_hal_i2c_ex.o
HAL_I2CEx_EnableFastModePlus                      build/stm32f0xx_hal_i2c_ex.o
HAL_I2C_AbortCpltCallback                         build/stm32f0xx_hal_i2c.o
HAL_I2C_AddrCallback                              build/stm32f0xx_hal_i2c.o
HAL_I2C_DeInit                                    build/stm32f0xx_hal_i2c.o
HAL_I2C_DisableListen_IT                          build/stm32f0xx_hal_i2c.o
HAL_I2C_ER_IRQHandler                             build/stm32f0xx_hal_i2c.o
HAL_I2C_EV_IRQHandler                             build/stm32f0xx_hal_i2c.o
HAL_I2C_EnableListen_IT                           build/stm32f0xx_hal_i2c.o
HAL_I2C_ErrorCallback                             build/stm32f0xx_hal_i2c.o
HAL_I2C_GetError                                  build/stm32f0xx_hal_i2c.o
HAL_I2C_GetMode                                   build/stm32f0xx_hal_i2c.o
HAL_I2C_GetState                                  build/stm32f0xx_hal_i2c.o
HAL_I2C_Init                                      build/stm32f0xx_hal_i2c.o
                                                  build/main.o
HAL_I2C_IsDeviceReady                             build/stm32f0xx_hal_i2c.o
HAL_I2C_ListenCpltCallback                        build/stm32f0xx_hal_i2c.o
HAL_I2C_MasterRxCpltCallback                      build/stm32f0xx_hal_i2c.o
HAL_I2C_MasterTxCpltCallback                      build/stm32f0xx_hal_i2c.o
HAL_I2C_Master_Abort_IT                           build/stm32f0xx_hal_i2c.o
HAL_I2C_Master_Receive                            build/stm32f0xx_hal_i2c.o
HAL_I2C_Master_Receive_DMA                        build/stm32f0xx_hal_i2c.o
HAL_I2C_Master_Receive_IT                         build/stm32f0xx_hal_i2c.o
HAL_I2C_Master_Seq_Receive_DMA                    build/stm32f0xx_hal_i2c.o
HAL_I2C_Master_Seq_Receive_IT                     build/stm32f0xx_hal_i2c.o
HAL_I2C_Master_Seq_Transmit_DMA                   build/stm32f0xx_hal_i2c.o
HAL_I2C_Master_Seq_Transmit_IT                    build/stm32f0xx_hal_i2c.o
HAL_I2C_Master_Transmit                           build/stm32f0xx_hal_i2c.o
HAL_I2C_Master_Transmit_DMA                       build/stm32f0xx_hal_i2c.o
HAL_I2C_Master_Transmit_IT                        build/stm32f0xx_hal_i2c.o
HAL_I2C_MemRxCpltCallback                         build/stm32f0xx_hal_i2c.o
HAL_I2C_MemTxCpltCallback                         build/stm32f0xx_hal_i2c.o
HAL_I2C_Mem_Read                                  build/stm32f0xx_hal_i2c.o
HAL_I2C_Mem_Read_DMA                              build/stm32f0xx_hal_i2c.o
HAL_I2C_Mem_Read_IT                               build/stm32f0xx_hal_i2c.o
HAL_I2C_Mem_Write                                 build/stm32f0xx_hal_i2c.o
HAL_I2C_Mem_Write_DMA                             build/stm32f0xx_hal_i2c.o
HAL_I2C_Mem_Write_IT                              build/stm32f0xx_hal_i2c.o
HAL_I2C_MspDeInit                                 build/stm32f0xx_hal_msp.o
HAL_I2C_MspInit                                   build/stm32f0xx_hal_msp.o
HAL_I2C_SlaveRxCpltCallback                       build/stm32f0xx_hal_i2c.o
HAL_I2C_SlaveTxCpltCallback                       build/stm32f0xx_hal_i2c.o
HAL_I2C_Slave_Receive                             build/stm32f0xx_hal_i2c.o
HAL_I2C_Slave_Receive_DMA                         build/stm32f0xx_hal_i2c.o
HAL_I2C_Slave_Receive_IT                          build/stm32f0xx_hal_i2c.o
HAL_I2C_Slave_Seq_Receive_DMA                     build/stm32f0xx_hal_i2c.o
HAL_I2C_Slave_Seq_Receive_IT                      build/stm32f0xx_hal_i2c.o
HAL_I2C_Slave_Seq_Transmit_DMA                    build/stm32f0xx_hal_i2c.o
HAL_I2C_Slave_Seq_Transmit_IT                     build/stm32f0xx_hal_i2c.o
HAL_I2C_Slave_Transmit                            build/stm32f0xx_hal_i2c.o
HAL_I2C_Slave_Transmit_DMA                        build/stm32f0xx_hal_i2c.o
HAL_I2C_Slave_Transmit_IT                         build/stm32f0xx_hal_i2c.o
HAL_IncTick                                       build/stm32f0xx_hal.o
                                                  build/startup_stm32f030x8.o
HAL_Init                                          build/stm32f0xx_hal.o
                                                  build/main.o
HAL_InitTick                                      build/stm32f0xx_hal.o
                                                  build/stm32f0xx_hal_rcc.o
HAL_MspDeInit                                     build/stm32f0xx_hal.o
HAL_MspInit                                       build/stm32f0xx_hal_msp.o
HAL_MultiProcessorEx_AddressLength_Set            build/stm32f0xx_hal_uart_ex.o
HAL_MultiProcessor_DisableMuteMode                build/stm32f0xx_hal_uart.o
HAL_MultiProcessor_EnableMuteMode                 build/stm32f0xx_hal_uart.o
HAL_MultiProcessor_EnterMuteMode                  build/stm32f0xx_hal_uart.o
HAL_MultiProcessor_Init                           build/stm32f0xx_hal_uart.o
HAL_NVIC_ClearPendingIRQ                          build/stm32f0xx_hal_cortex.o
HAL_NVIC_DisableIRQ                               build/stm32f0xx_hal_cortex.o
                                                  build/stm32f0xx_hal_msp.o
HAL_NVIC_EnableIRQ                                build/stm32f0xx_hal_cortex.o
                                                  build/stm32f0xx_hal_msp.o
HAL_NVIC_GetPendingIRQ                            build/stm32f0xx_hal_cortex.o
HAL_NVIC_GetPriority                              build/stm32f0xx_hal_cortex.o
HAL_NVIC_SetPendingIRQ                            build/stm32f0xx_hal_cortex.o
HAL_NVIC_SetPriority                              build/stm32f0xx_hal_cortex.o
                                                  build/stm32f0xx_hal.o
                                                  build/stm32f0xx_hal_msp.o
HAL_NVIC_SystemReset                              build/stm32f0xx_hal_cortex.o
HAL_PWR_DeInit                                    build/stm32f0xx_hal_pwr.o
HAL_PWR_DisableBkUpAccess                         build/stm32f0xx_hal_pwr.o
HAL_PWR_DisableSEVOnPend                          build/stm32f0xx_hal_pwr.o
HAL_PWR_DisableSleepOnExit                        build/stm32f0xx_hal_pwr.o
HAL_PWR_DisableWakeUpPin                          build/stm32f0xx_hal_pwr.o
HAL_PWR_EnableBkUpAccess                          build/stm32f0xx_hal_pwr.o
HAL_PWR_EnableSEVOnPend                           build/stm32f0xx_hal_pwr.o
HAL_PWR_EnableSleepOnExit                         build/stm32f0xx_hal_pwr.o
HAL_PWR_EnableWakeUpPin                           build/stm32f0xx_hal_pwr.o
HAL_PWR_EnterSLEEPMode                            build/stm32f0xx_hal_pwr.o
HAL_PWR_EnterSTANDBYMode                          build/stm32f0xx_hal_pwr.o
HAL_PWR_EnterSTOPMode                             build/stm32f0xx_hal_pwr.o
HAL_RCCEx_GetPeriphCLKConfig                      build/stm32f0xx_hal_rcc_ex.o
HAL_RCCEx_GetPeriphCLKFreq                        build/stm32f0xx_hal_rcc_ex.o
HAL_RCCEx_PeriphCLKConfig                         build/stm32f0xx_hal_rcc_ex.o
                                                  build/main.o
HAL_RCC_CSSCallback                               build/stm32f0xx_hal_rcc.o
HAL_RCC_ClockConfig                               build/stm32f0xx_hal_rcc.o
                                                  build/main.o
HAL_RCC_DeInit                                    build/stm32f0xx_hal_rcc.o
HAL_RCC_DisableCSS                                build/stm32f0xx_hal_rcc.o
HAL_RCC_EnableCSS                                 build/stm32f0xx_hal_rcc.o
HAL_RCC_GetClockConfig                            build/stm32f0xx_hal_rcc.o
HAL_RCC_GetHCLKFreq                               build/stm32f0xx_hal_rcc.o
HAL_RCC_GetOscConfig                              build/stm32f0xx_hal_rcc.o
HAL_RCC_GetPCLK1Freq                              build/stm32f0xx_hal_rcc.o
                                                  build/stm32f0xx_hal_uart.o
                                                  build/stm32f0xx_hal_rcc_ex.o
HAL_RCC_GetSysClockFreq                           build/stm32f0xx_hal_rcc.o
                                                  build/stm32f0xx_hal_uart.o
                                                  build/stm32f0xx_hal_rcc_ex.o
HAL_RCC_MCOConfig                                 build/stm32f0xx_hal_rcc.o
HAL_RCC_NMI_IRQHandler                            build/stm32f0xx_hal_rcc.o
HAL_RCC_OscConfig                                 build/stm32f0xx_hal_rcc.o
                                                  build/main.o
HAL_RS485Ex_Init                                  build/stm32f0xx_hal_uart_ex.o
HAL_ResumeTick                                    build/stm32f0xx_hal.o
HAL_SPIEx_FlushRxFifo                             build/stm32f0xx_hal_spi_ex.o
HAL_SPI_Abort                                     build/stm32f0xx_hal_spi.o
HAL_SPI_AbortCpltCallback                         build/stm32f0xx_hal_spi.o
HAL_SPI_Abort_IT                                  build/stm32f0xx_hal_spi.o
HAL_SPI_DMAPause                                  build/stm32f0xx_hal_spi.o
HAL_SPI_DMAResume                                 build/stm32f0xx_hal_spi.o
HAL_SPI_DMAStop                                   build/stm32f0xx_hal_spi.o
HAL_SPI_DeInit                                    build/stm32f0xx_hal_spi.o
HAL_SPI_ErrorCallback                             build/stm32f0xx_hal_spi.o
HAL_SPI_GetError                                  build/stm32f0xx_hal_spi.o
HAL_SPI_GetState                                  build/stm32f0xx_hal_spi.o
HAL_SPI_IRQHandler                                build/stm32f0xx_hal_spi.o
HAL_SPI_Init                                      build/stm32f0xx_hal_spi.o
                                                  build/main.o
HAL_SPI_MspDeInit                                 build/stm32f0xx_hal_msp.o
HAL_SPI_MspInit                                   build/stm32f0xx_hal_msp.o
HAL_SPI_Receive                                   build/stm32f0xx_hal_spi.o
HAL_SPI_Receive_DMA                               build/stm32f0xx_hal_spi.o
HAL_SPI_Receive_IT                                build/stm32f0xx_hal_spi.o
HAL_SPI_RxCpltCallback                            build/stm32f0xx_hal_spi.o
HAL_SPI_RxHalfCpltCallback                        build/stm32f0xx_hal_spi.o
HAL_SPI_Transmit                                  build/stm32f0xx_hal_spi.o
HAL_SPI_TransmitReceive                           build/stm32f0xx_hal_spi.o
HAL_SPI_TransmitReceive_DMA                       build/stm32f0xx_hal_spi.o
HAL_SPI_TransmitReceive_IT                        build/stm32f0xx_hal_spi.o
HAL_SPI_Transmit_DMA                              build/stm32f0xx_hal_spi.o
HAL_SPI_Transmit_IT                               build/stm32f0xx_hal_spi.o
HAL_SPI_TxCpltCallback                            build/stm32f0xx_hal_spi.o
HAL_SPI_TxHalfCpltCallback                        build/stm32f0xx_hal_spi.o
HAL_SPI_TxRxCpltCallback                          build/stm32f0xx_hal_spi.o
HAL_SPI_TxRxHalfCpltCallback                      build/stm32f0xx_hal_spi.o
HAL_SYSTICK_CLKSourceConfig                       build/stm32f0xx_hal_cortex.o
HAL_SYSTICK_Callback                              build/stm32f0xx_hal_cortex.o
HAL_SYSTICK_Config                                build/stm32f0xx_hal_cortex.o
                                                  build/stm32f0xx_hal.o
HAL_SYSTICK_IRQHandler                            build/stm32f0xx_hal_cortex.o
HAL_SetTickFreq                                   build/stm32f0xx_hal.o
HAL_SuspendTick                                   build/stm32f0xx_hal.o
HAL_TIMEx_BreakCallback                           build/stm32f0xx_hal_tim_ex.o
                                                  build/stm32f0xx_hal_tim.o
HAL_TIMEx_CommutCallback                          build/stm32f0xx_hal_tim_ex.o
                                                  build/stm32f0xx_hal_tim.o
HAL_TIMEx_CommutHalfCpltCallback                  build/stm32f0xx_hal_tim_ex.o
HAL_TIMEx_ConfigBreakDeadTime                     build/stm32f0xx_hal_tim_ex.o
                                                  build/main.o
HAL_TIMEx_ConfigCommutEvent                       build/stm32f0xx_hal_tim_ex.o
HAL_TIMEx_ConfigCommutEvent_DMA                   build/stm32f0xx_hal_tim_ex.o
HAL_TIMEx_ConfigCommutEvent_IT                    build/stm32f0xx_hal_tim_ex.o
HAL_TIMEx_GetChannelNState                        build/stm32f0xx_hal_tim_ex.o
HAL_TIMEx_HallSensor_DeInit                       build/stm32f0xx_hal_tim_ex.o
HAL_TIMEx_HallSensor_GetState                     build/stm32f0xx_hal_tim_ex.o
HAL_TIMEx_HallSensor_Init                         build/stm32f0xx_hal_tim_ex.o
HAL_TIMEx_HallSensor_MspDeInit                    build/stm32f0xx_hal_tim_ex.o
HAL_TIMEx_HallSensor_MspInit                      build/stm32f0xx_hal_tim_ex.o
HAL_TIMEx_HallSensor_Start                        build/stm32f0xx_hal_tim_ex.o
HAL_TIMEx_HallSensor_Start_DMA                    build/stm32f0xx_hal_tim_ex.o
HAL_TIMEx_HallSensor_Start_IT                     build/stm32f0xx_hal_tim_ex.o
HAL_TIMEx_HallSensor_Stop                         build/stm32f0xx_hal_tim_ex.o
HAL_TIMEx_HallSensor_Stop_DMA                     build/stm32f0xx_hal_tim_ex.o
HAL_TIMEx_HallSensor_Stop_IT                      build/stm32f0xx_hal_tim_ex.o
HAL_TIMEx_MasterConfigSynchronization             build/stm32f0xx_hal_tim_ex.o
                                                  build/main.o
HAL_TIMEx_OCN_Start                               build/stm32f0xx_hal_tim_ex.o
HAL_TIMEx_OCN_Start_DMA                           build/stm32f0xx_hal_tim_ex.o
HAL_TIMEx_OCN_Start_IT                            build/stm32f0xx_hal_tim_ex.o
HAL_TIMEx_OCN_Stop                                build/stm32f0xx_hal_tim_ex.o
HAL_TIMEx_OCN_Stop_DMA                            build/stm32f0xx_hal_tim_ex.o
HAL_TIMEx_OCN_Stop_IT                             build/stm32f0xx_hal_tim_ex.o
HAL_TIMEx_OnePulseN_Start                         build/stm32f0xx_hal_tim_ex.o
HAL_TIMEx_OnePulseN_Start_IT                      build/stm32f0xx_hal_tim_ex.o
HAL_TIMEx_OnePulseN_Stop                          build/stm32f0xx_hal_tim_ex.o
HAL_TIMEx_OnePulseN_Stop_IT                       build/stm32f0xx_hal_tim_ex.o
HAL_TIMEx_PWMN_Start                              build/stm32f0xx_hal_tim_ex.o
HAL_TIMEx_PWMN_Start_DMA                          build/stm32f0xx_hal_tim_ex.o
HAL_TIMEx_PWMN_Start_IT                           build/stm32f0xx_hal_tim_ex.o
HAL_TIMEx_PWMN_Stop                               build/stm32f0xx_hal_tim_ex.o
HAL_TIMEx_PWMN_Stop_DMA                           build/stm32f0xx_hal_tim_ex.o
HAL_TIMEx_PWMN_Stop_IT                            build/stm32f0xx_hal_tim_ex.o
HAL_TIMEx_RemapConfig                             build/stm32f0xx_hal_tim_ex.o
HAL_TIM_Base_DeInit                               build/stm32f0xx_hal_tim.o
HAL_TIM_Base_GetState                             build/stm32f0xx_hal_tim.o
HAL_TIM_Base_Init                                 build/stm32f0xx_hal_tim.o
                                                  build/main.o
HAL_TIM_Base_MspDeInit                            build/stm32f0xx_hal_msp.o
HAL_TIM_Base_MspInit                              build/stm32f0xx_hal_msp.o
HAL_TIM_Base_Start                                build/stm32f0xx_hal_tim.o
HAL_TIM_Base_Start_DMA                            build/stm32f0xx_hal_tim.o
HAL_TIM_Base_Start_IT                             build/stm32f0xx_hal_tim.o
                                                  build/main.o
HAL_TIM_Base_Stop                                 build/stm32f0xx_hal_tim.o
HAL_TIM_Base_Stop_DMA                             build/stm32f0xx_hal_tim.o
HAL_TIM_Base_Stop_IT                              build/stm32f0xx_hal_tim.o
HAL_TIM_ConfigClockSource                         build/stm32f0xx_hal_tim.o
                                                  build/main.o
HAL_TIM_ConfigOCrefClear                          build/stm32f0xx_hal_tim.o
HAL_TIM_ConfigTI1Input                            build/stm32f0xx_hal_tim.o
HAL_TIM_DMABurstState                             build/stm32f0xx_hal_tim.o
HAL_TIM_DMABurst_MultiReadStart                   build/stm32f0xx_hal_tim.o
HAL_TIM_DMABurst_MultiWriteStart                  build/stm32f0xx_hal_tim.o
HAL_TIM_DMABurst_ReadStart                        build/stm32f0xx_hal_tim.o
HAL_TIM_DMABurst_ReadStop                         build/stm32f0xx_hal_tim.o
HAL_TIM_DMABurst_WriteStart                       build/stm32f0xx_hal_tim.o
HAL_TIM_DMABurst_WriteStop                        build/stm32f0xx_hal_tim.o
HAL_TIM_Encoder_DeInit                            build/stm32f0xx_hal_tim.o
HAL_TIM_Encoder_GetState                          build/stm32f0xx_hal_tim.o
HAL_TIM_Encoder_Init                              build/stm32f0xx_hal_tim.o
HAL_TIM_Encoder_MspDeInit                         build/stm32f0xx_hal_tim.o
HAL_TIM_Encoder_MspInit                           build/stm32f0xx_hal_tim.o
HAL_TIM_Encoder_Start                             build/stm32f0xx_hal_tim.o
HAL_TIM_Encoder_Start_DMA                         build/stm32f0xx_hal_tim.o
HAL_TIM_Encoder_Start_IT                          build/stm32f0xx_hal_tim.o
HAL_TIM_Encoder_Stop                              build/stm32f0xx_hal_tim.o
HAL_TIM_Encoder_Stop_DMA                          build/stm32f0xx_hal_tim.o
HAL_TIM_Encoder_Stop_IT                           build/stm32f0xx_hal_tim.o
HAL_TIM_ErrorCallback                             build/stm32f0xx_hal_tim.o
                                                  build/stm32f0xx_hal_tim_ex.o
HAL_TIM_GenerateEvent                             build/stm32f0xx_hal_tim.o
HAL_TIM_GetActiveChannel                          build/stm32f0xx_hal_tim.o
HAL_TIM_GetChannelState                           build/stm32f0xx_hal_tim.o
HAL_TIM_IC_CaptureCallback                        build/stm32f0xx_hal_tim.o
HAL_TIM_IC_CaptureHalfCpltCallback                build/stm32f0xx_hal_tim.o
HAL_TIM_IC_ConfigChannel                          build/stm32f0xx_hal_tim.o
HAL_TIM_IC_DeInit                                 build/stm32f0xx_hal_tim.o
HAL_TIM_IC_GetState                               build/stm32f0xx_hal_tim.o
HAL_TIM_IC_Init                                   build/stm32f0xx_hal_tim.o
HAL_TIM_IC_MspDeInit                              build/stm32f0xx_hal_tim.o
HAL_TIM_IC_MspInit                                build/stm32f0xx_hal_tim.o
HAL_TIM_IC_Start                                  build/stm32f0xx_hal_tim.o
HAL_TIM_IC_Start_DMA                              build/stm32f0xx_hal_tim.o
HAL_TIM_IC_Start_IT                               build/stm32f0xx_hal_tim.o
HAL_TIM_IC_Stop                                   build/stm32f0xx_hal_tim.o
HAL_TIM_IC_Stop_DMA                               build/stm32f0xx_hal_tim.o
HAL_TIM_IC_Stop_IT                                build/stm32f0xx_hal_tim.o
HAL_TIM_IRQHandler                                build/stm32f0xx_hal_tim.o
                                                  build/startup_stm32f030x8.o
HAL_TIM_MspPostInit                               build/stm32f0xx_hal_msp.o
                                                  build/main.o
HAL_TIM_OC_ConfigChannel                          build/stm32f0xx_hal_tim.o
HAL_TIM_OC_DeInit                                 build/stm32f0xx_hal_tim.o
HAL_TIM_OC_DelayElapsedCallback                   build/stm32f0xx_hal_tim.o
HAL_TIM_OC_GetState                               build/stm32f0xx_hal_tim.o
HAL_TIM_OC_Init                                   build/stm32f0xx_hal_tim.o
HAL_TIM_OC_MspDeInit                              build/stm32f0xx_hal_tim.o
HAL_TIM_OC_MspInit                                build/stm32f0xx_hal_tim.o
HAL_TIM_OC_Start                                  build/stm32f0xx_hal_tim.o
HAL_TIM_OC_Start_DMA                              build/stm32f0xx_hal_tim.o
HAL_TIM_OC_Start_IT                               build/stm32f0xx_hal_tim.o
HAL_TIM_OC_Stop                                   build/stm32f0xx_hal_tim.o
HAL_TIM_OC_Stop_DMA                               build/stm32f0xx_hal_tim.o
HAL_TIM_OC_Stop_IT                                build/stm32f0xx_hal_tim.o
HAL_TIM_OnePulse_ConfigChannel                    build/stm32f0xx_hal_tim.o
HAL_TIM_OnePulse_DeInit                           build/stm32f0xx_hal_tim.o
HAL_TIM_OnePulse_GetState                         build/stm32f0xx_hal_tim.o
HAL_TIM_OnePulse_Init                             build/stm32f0xx_hal_tim.o
HAL_TIM_OnePulse_MspDeInit                        build/stm32f0xx_hal_tim.o
HAL_TIM_OnePulse_MspInit                          build/stm32f0xx_hal_tim.o
HAL_TIM_OnePulse_Start                            build/stm32f0xx_hal_tim.o
HAL_TIM_OnePulse_Start_IT                         build/stm32f0xx_hal_tim.o
HAL_TIM_OnePulse_Stop                             build/stm32f0xx_hal_tim.o
HAL_TIM_OnePulse_Stop_IT                          build/stm32f0xx_hal_tim.o
HAL_TIM_PWM_ConfigChannel                         build/stm32f0xx_hal_tim.o
                                                  build/main.o
HAL_TIM_PWM_DeInit                                build/stm32f0xx_hal_tim.o
HAL_TIM_PWM_GetState                              build/stm32f0xx_hal_tim.o
HAL_TIM_PWM_Init                                  build/stm32f0xx_hal_tim.o
                                                  build/main.o
HAL_TIM_PWM_MspDeInit                             build/stm32f0xx_hal_tim.o
HAL_TIM_PWM_MspInit                               build/stm32f0xx_hal_tim.o
HAL_TIM_PWM_PulseFinishedCallback                 build/stm32f0xx_hal_tim.o
                                                  build/stm32f0xx_hal_tim_ex.o
HAL_TIM_PWM_PulseFinishedHalfCpltCallback         build/stm32f0xx_hal_tim.o
HAL_TIM_PWM_Start                                 build/stm32f0xx_hal_tim.o
HAL_TIM_PWM_Start_DMA                             build/stm32f0xx_hal_tim.o
HAL_TIM_PWM_Start_IT                              build/stm32f0xx_hal_tim.o
HAL_TIM_PWM_Stop                                  build/stm32f0xx_hal_tim.o
HAL_TIM_PWM_Stop_DMA                              build/stm32f0xx_hal_tim.o
HAL_TIM_PWM_Stop_IT                               build/stm32f0xx_hal_tim.o
HAL_TIM_PeriodElapsedCallback                     build/os.o
HAL_TIM_PeriodElapsedHalfCpltCallback             build/stm32f0xx_hal_tim.o
HAL_TIM_ReadCapturedValue                         build/stm32f0xx_hal_tim.o
HAL_TIM_SlaveConfigSynchro                        build/stm32f0xx_hal_tim.o
HAL_TIM_SlaveConfigSynchro_IT                     build/stm32f0xx_hal_tim.o
HAL_TIM_TriggerCallback                           build/stm32f0xx_hal_tim.o
HAL_TIM_TriggerHalfCpltCallback                   build/stm32f0xx_hal_tim.o
HAL_UARTEx_ReceiveToIdle                          build/stm32f0xx_hal_uart_ex.o
HAL_UARTEx_ReceiveToIdle_DMA                      build/stm32f0xx_hal_uart_ex.o
HAL_UARTEx_ReceiveToIdle_IT                       build/stm32f0xx_hal_uart_ex.o
HAL_UARTEx_RxEventCallback                        build/stm32f0xx_hal_uart.o
HAL_UART_Abort                                    build/stm32f0xx_hal_uart.o
HAL_UART_AbortCpltCallback                        build/stm32f0xx_hal_uart.o
HAL_UART_AbortReceive                             build/stm32f0xx_hal_uart.o
HAL_UART_AbortReceiveCpltCallback                 build/stm32f0xx_hal_uart.o
HAL_UART_AbortReceive_IT                          build/stm32f0xx_hal_uart.o
HAL_UART_AbortTransmit                            build/stm32f0xx_hal_uart.o
HAL_UART_AbortTransmitCpltCallback                build/stm32f0xx_hal_uart.o
HAL_UART_AbortTransmit_IT                         build/stm32f0xx_hal_uart.o
HAL_UART_Abort_IT                                 build/stm32f0xx_hal_uart.o
HAL_UART_DMAPause                                 build/stm32f0xx_hal_uart.o
HAL_UART_DMAResume                                build/stm32f0xx_hal_uart.o
HAL_UART_DMAStop                                  build/stm32f0xx_hal_uart.o
HAL_UART_DeInit                                   build/stm32f0xx_hal_uart.o
HAL_UART_DisableReceiverTimeout                   build/stm32f0xx_hal_uart.o
HAL_UART_EnableReceiverTimeout                    build/stm32f0xx_hal_uart.o
HAL_UART_ErrorCallback                            build/stm32f0xx_hal_uart.o
HAL_UART_GetError                                 build/stm32f0xx_hal_uart.o
HAL_UART_GetState                                 build/stm32f0xx_hal_uart.o
HAL_UART_IRQHandler                               build/stm32f0xx_hal_uart.o
HAL_UART_Init                                     build/stm32f0xx_hal_uart.o
                                                  build/main.o
HAL_UART_MspDeInit                                build/stm32f0xx_hal_msp.o
HAL_UART_MspInit                                  build/stm32f0xx_hal_msp.o
                                                  build/stm32f0xx_hal_uart_ex.o
HAL_UART_Receive                                  build/stm32f0xx_hal_uart.o
HAL_UART_Receive_DMA                              build/stm32f0xx_hal_uart.o
HAL_UART_Receive_IT                               build/stm32f0xx_hal_uart.o
HAL_UART_ReceiverTimeout_Config                   build/stm32f0xx_hal_uart.o
HAL_UART_RxCpltCallback                           build/stm32f0xx_hal_uart.o
HAL_UART_RxHalfCpltCallback                       build/stm32f0xx_hal_uart.o
HAL_UART_Transmit                                 build/stm32f0xx_hal_uart.o
HAL_UART_Transmit_DMA                             build/stm32f0xx_hal_uart.o
HAL_UART_Transmit_IT                              build/stm32f0xx_hal_uart.o
HAL_UART_TxCpltCallback                           build/stm32f0xx_hal_uart.o
HAL_UART_TxHalfCpltCallback                       build/stm32f0xx_hal_uart.o
HardFault_Handler                                 build/startup_stm32f030x8.o
I2C1_IRQHandler                                   build/startup_stm32f030x8.o
I2C2_IRQHandler                                   build/startup_stm32f030x8.o
NMI_Handler                                       build/startup_stm32f030x8.o
Os_Get_Tick_100us                                 build/os.o
Os_Handler                                        build/os.o
                                                  build/main.o
Os_Handler_10ms                                   build/os.o
Os_Handler_1ms                                    build/os.o
                                                  build/startup_stm32f030x8.o
Os_Init_Task                                      build/os.o
Os_Time_Handler                                   build/os.o
Os_Var                                            build/os.o
PVD_IRQHandler                                    build/startup_stm32f030x8.o
PendSV_Handler                                    build/startup_stm32f030x8.o
RCC_IRQHandler                                    build/startup_stm32f030x8.o
RTC_IRQHandler                                    build/startup_stm32f030x8.o
Reset_Handler                                     build/startup_stm32f030x8.o
SPI1_IRQHandler                                   build/startup_stm32f030x8.o
SPI2_IRQHandler                                   build/startup_stm32f030x8.o
SVC_Handler                                       build/startup_stm32f030x8.o
SysTick_Handler                                   build/startup_stm32f030x8.o
SystemClock_Config                                build/main.o
SystemCoreClock                                   build/system_stm32f0xx.o
                                                  build/stm32f0xx_hal_spi.o
                                                  build/stm32f0xx_hal.o
                                                  build/stm32f0xx_hal_rcc.o
                                                  build/stm32f0xx_hal_adc.o
SystemCoreClockUpdate                             build/system_stm32f0xx.o
SystemInit                                        build/system_stm32f0xx.o
                                                  build/startup_stm32f030x8.o
SystemTick_Handler                                build/startup_stm32f030x8.o
TAMPER_IRQHandler                                 build/startup_stm32f030x8.o
TIM14_IRQHandler                                  build/startup_stm32f030x8.o
TIM15_Handler                                     build/startup_stm32f030x8.o
TIM15_IRQHandler                                  build/startup_stm32f030x8.o
TIM16_IRQHandler                                  build/startup_stm32f030x8.o
TIM17_Handler                                     build/startup_stm32f030x8.o
TIM17_IRQHandler                                  build/startup_stm32f030x8.o
TIM1_BRK_UP_TRG_COM_IRQHandler                    build/startup_stm32f030x8.o
TIM1_CC_IRQHandler                                build/startup_stm32f030x8.o
TIM3_IRQHandler                                   build/startup_stm32f030x8.o
TIM6_IRQHandler                                   build/startup_stm32f030x8.o
TIMEx_DMACommutationCplt                          build/stm32f0xx_hal_tim_ex.o
                                                  build/stm32f0xx_hal_tim.o
TIMEx_DMACommutationHalfCplt                      build/stm32f0xx_hal_tim_ex.o
                                                  build/stm32f0xx_hal_tim.o
TIM_Base_SetConfig                                build/stm32f0xx_hal_tim.o
                                                  build/stm32f0xx_hal_tim_ex.o
TIM_CCxChannelCmd                                 build/stm32f0xx_hal_tim.o
                                                  build/stm32f0xx_hal_tim_ex.o
TIM_DMACaptureCplt                                build/stm32f0xx_hal_tim.o
                                                  build/stm32f0xx_hal_tim_ex.o
TIM_DMACaptureHalfCplt                            build/stm32f0xx_hal_tim.o
                                                  build/stm32f0xx_hal_tim_ex.o
TIM_DMADelayPulseHalfCplt                         build/stm32f0xx_hal_tim.o
                                                  build/stm32f0xx_hal_tim_ex.o
TIM_DMAError                                      build/stm32f0xx_hal_tim.o
                                                  build/stm32f0xx_hal_tim_ex.o
TIM_ETR_SetConfig                                 build/stm32f0xx_hal_tim.o
TIM_OC2_SetConfig                                 build/stm32f0xx_hal_tim.o
                                                  build/stm32f0xx_hal_tim_ex.o
TIM_TI1_SetConfig                                 build/stm32f0xx_hal_tim.o
                                                  build/stm32f0xx_hal_tim_ex.o
UART_AdvFeatureConfig                             build/stm32f0xx_hal_uart.o
                                                  build/stm32f0xx_hal_uart_ex.o
UART_CheckIdleState                               build/stm32f0xx_hal_uart.o
                                                  build/stm32f0xx_hal_uart_ex.o
UART_SetConfig                                    build/stm32f0xx_hal_uart.o
                                                  build/stm32f0xx_hal_uart_ex.o
UART_Start_Receive_DMA                            build/stm32f0xx_hal_uart.o
                                                  build/stm32f0xx_hal_uart_ex.o
UART_Start_Receive_IT                             build/stm32f0xx_hal_uart.o
                                                  build/stm32f0xx_hal_uart_ex.o
UART_WaitOnFlagUntilTimeout                       build/stm32f0xx_hal_uart.o
USART1_IRQHandler                                 build/startup_stm32f030x8.o
USART2_IRQHandler                                 build/startup_stm32f030x8.o
VectorTable                                       build/startup_stm32f030x8.o
WWDG_IRQHandler                                   build/startup_stm32f030x8.o
__aeabi_idiv0                                     /Users/seojisu/Library/Arm-GCC-xPack/bin/../lib/gcc/arm-none-eabi/10.3.1/thumb/v6-m/nofp/libgcc.a(_dvmd_tls.o)
                                                  /Users/seojisu/Library/Arm-GCC-xPack/bin/../lib/gcc/arm-none-eabi/10.3.1/thumb/v6-m/nofp/libgcc.a(_udivsi3.o)
__aeabi_ldiv0                                     /Users/seojisu/Library/Arm-GCC-xPack/bin/../lib/gcc/arm-none-eabi/10.3.1/thumb/v6-m/nofp/libgcc.a(_dvmd_tls.o)
__aeabi_uidiv                                     /Users/seojisu/Library/Arm-GCC-xPack/bin/../lib/gcc/arm-none-eabi/10.3.1/thumb/v6-m/nofp/libgcc.a(_udivsi3.o)
                                                  build/system_stm32f0xx.o
                                                  build/stm32f0xx_hal_uart.o
                                                  build/stm32f0xx_hal_spi.o
                                                  build/stm32f0xx_hal_dma.o
                                                  build/stm32f0xx_hal.o
                                                  build/stm32f0xx_hal_rcc.o
                                                  build/stm32f0xx_hal_adc.o
__aeabi_uidivmod                                  /Users/seojisu/Library/Arm-GCC-xPack/bin/../lib/gcc/arm-none-eabi/10.3.1/thumb/v6-m/nofp/libgcc.a(_udivsi3.o)
                                                  build/os.o
__bss_end__                                       /Users/seojisu/Library/Arm-GCC-xPack/bin/../lib/gcc/arm-none-eabi/10.3.1/../../../../arm-none-eabi/lib/thumb/v6-m/nofp/crt0.o
__bss_start__                                     /Users/seojisu/Library/Arm-GCC-xPack/bin/../lib/gcc/arm-none-eabi/10.3.1/../../../../arm-none-eabi/lib/thumb/v6-m/nofp/crt0.o
__call_exitprocs                                  /Users/seojisu/Library/Arm-GCC-xPack/bin/../lib/gcc/arm-none-eabi/10.3.1/../../../../arm-none-eabi/lib/thumb/v6-m/nofp/libc_nano.a(lib_a-exit.o)
__deregister_frame_info                           /Users/seojisu/Library/Arm-GCC-xPack/bin/../lib/gcc/arm-none-eabi/10.3.1/thumb/v6-m/nofp/crtbegin.o
__dso_handle                                      /Users/seojisu/Library/Arm-GCC-xPack/bin/../lib/gcc/arm-none-eabi/10.3.1/thumb/v6-m/nofp/crtbegin.o
__init_array_end                                  /Users/seojisu/Library/Arm-GCC-xPack/bin/../lib/gcc/arm-none-eabi/10.3.1/../../../../arm-none-eabi/lib/thumb/v6-m/nofp/libc_nano.a(lib_a-init.o)
__init_array_start                                /Users/seojisu/Library/Arm-GCC-xPack/bin/../lib/gcc/arm-none-eabi/10.3.1/../../../../arm-none-eabi/lib/thumb/v6-m/nofp/libc_nano.a(lib_a-init.o)
__libc_fini_array                                 /Users/seojisu/Library/Arm-GCC-xPack/bin/../lib/gcc/arm-none-eabi/10.3.1/../../../../arm-none-eabi/lib/thumb/v6-m/nofp/crt0.o
__libc_init_array                                 /Users/seojisu/Library/Arm-GCC-xPack/bin/../lib/gcc/arm-none-eabi/10.3.1/../../../../arm-none-eabi/lib/thumb/v6-m/nofp/libc_nano.a(lib_a-init.o)
                                                  build/startup_stm32f030x8.o
                                                  /Users/seojisu/Library/Arm-GCC-xPack/bin/../lib/gcc/arm-none-eabi/10.3.1/../../../../arm-none-eabi/lib/thumb/v6-m/nofp/crt0.o
__preinit_array_end                               /Users/seojisu/Library/Arm-GCC-xPack/bin/../lib/gcc/arm-none-eabi/10.3.1/../../../../arm-none-eabi/lib/thumb/v6-m/nofp/libc_nano.a(lib_a-init.o)
__preinit_array_start                             /Users/seojisu/Library/Arm-GCC-xPack/bin/../lib/gcc/arm-none-eabi/10.3.1/../../../../arm-none-eabi/lib/thumb/v6-m/nofp/libc_nano.a(lib_a-init.o)
__register_frame_info                             /Users/seojisu/Library/Arm-GCC-xPack/bin/../lib/gcc/arm-none-eabi/10.3.1/thumb/v6-m/nofp/crtbegin.o
__sf_fake_stderr                                  /Users/seojisu/Library/Arm-GCC-xPack/bin/../lib/gcc/arm-none-eabi/10.3.1/../../../../arm-none-eabi/lib/thumb/v6-m/nofp/libc_nano.a(lib_a-impure.o)
__sf_fake_stdin                                   /Users/seojisu/Library/Arm-GCC-xPack/bin/../lib/gcc/arm-none-eabi/10.3.1/../../../../arm-none-eabi/lib/thumb/v6-m/nofp/libc_nano.a(lib_a-impure.o)
__sf_fake_stdout                                  /Users/seojisu/Library/Arm-GCC-xPack/bin/../lib/gcc/arm-none-eabi/10.3.1/../../../../arm-none-eabi/lib/thumb/v6-m/nofp/libc_nano.a(lib_a-impure.o)
__stack                                           /Users/seojisu/Library/Arm-GCC-xPack/bin/../lib/gcc/arm-none-eabi/10.3.1/../../../../arm-none-eabi/lib/thumb/v6-m/nofp/crt0.o
__udivsi3                                         /Users/seojisu/Library/Arm-GCC-xPack/bin/../lib/gcc/arm-none-eabi/10.3.1/thumb/v6-m/nofp/libgcc.a(_udivsi3.o)
_ebss                                             build/startup_stm32f030x8.o
_edata                                            build/startup_stm32f030x8.o
_estack                                           build/startup_stm32f030x8.o